<html>
<body>
<pre>
<h1>µVision Build Log</h1>
<h2>Tool Versions:</h2>
IDE-Version: ¦ÌVision V5.24.2.0
Copyright (C) 2017 ARM Ltd and ARM Germany GmbH. All rights reserved.
License Information: 1 1, 1, LIC=Y2B1Q-N6KZR-ZE5H2-9PIHL-I3FT8-3VMFX
 
Tool Versions:
Toolchain:       MDK-ARM Professional  Version: 5.18
Toolchain Path:  D:\keil5\ARM\ARMCC\Bin
C Compiler:      Armcc.exe V5.06 update 1 (build 61)
Assembler:       Armasm.exe V5.06 update 1 (build 61)
Linker/Locator:  ArmLink.exe V5.06 update 1 (build 61)
Library Manager: ArmAr.exe V5.06 update 1 (build 61)
Hex Converter:   FromElf.exe V5.06 update 1 (build 61)
CPU DLL:         SARMCM3.DLL V5.18
Dialog DLL:      DCM.DLL V1.13.6.0
Target DLL:      STLink\ST-LINKIII-KEIL_SWO.dll V2.0.18.0
Dialog DLL:      TCM.DLL V1.14.8.0
 
<h2>Project:</h2>
F:\diyici_shuqi_first_cubemx\TJC_HMI_SAOPing\SAOPING\MDK-ARM\DDS.uvprojx
Project File Date:  07/31/2025

<h2>Output:</h2>
*** Using Compiler 'V5.06 update 1 (build 61)', folder: 'D:\keil5\ARM\ARMCC\Bin'
Build target 'DDS'
compiling main.c...
../Core/Src/main.c(279): warning:  #1035-D: single-precision operand implicitly converted to double-precision
        for (float rf = 88; rf <= 108; rf += 0.1)
../Core/Src/main.c(270): warning:  #177-D: variable "found" was declared but never referenced
    uint8_t found = 0;        // è¡?ç¤?æ˜?å?å·?ç»?é”?é¢?
../Core/Src/main.c(271): warning:  #177-D: variable "locked_rf" was declared but never referenced
    uint32_t locked_rf = 0;   // è®?å½?é”?å®?çš?RFé¢?çŽ?
../Core/Src/main.c(272): warning:  #177-D: variable "v_fm" was declared but never referenced
    float v_fm, v_am;
../Core/Src/main.c(272): warning:  #177-D: variable "v_am" was declared but never referenced
    float v_fm, v_am;
../Core/Src/main.c(144): warning:  #177-D: function "DDS_Output_Two" was declared but never referenced
  static void DDS_Output_Two(uint32_t lo_fm, uint32_t lo_am)
../Core/Src/main.c(155): warning:  #177-D: function "Compute_Dual_Voltage" was declared but never referenced
  static void Compute_Dual_Voltage(float *v_fm, float *v_am)
../Core/Src/main.c: 7 warnings, 0 errors
linking...
Program Size: Code=11564 RO-data=456 RW-data=52 ZI-data=2172  
FromELF: creating hex file...
"DDS\DDS.axf" - 0 Error(s), 7 Warning(s).

<h2>Software Packages used:</h2>

Package Vendor: ARM
                http://www.keil.com/pack/ARM.CMSIS.5.8.0.pack
                ARM.CMSIS.5.8.0
                CMSIS (Common Microcontroller Software Interface Standard)
   * Component: CORE Version: 5.5.0

Package Vendor: Keil
                https://www.keil.com/pack/Keil.STM32F4xx_DFP.2.17.1.pack
                Keil.STM32F4xx_DFP.2.17.1
                STMicroelectronics STM32F4 Series Device Support, Drivers and Examples

<h2>Collection of Component include folders:</h2>
  .\RTE\_DDS
  D:\keil5\ARM\PACK\ARM\CMSIS\5.8.0\CMSIS\Core\Include
  D:\keil5\ARM\PACK\Keil\STM32F4xx_DFP\2.17.1\Drivers\CMSIS\Device\ST\STM32F4xx\Include

<h2>Collection of Component Files used:</h2>

   * Component: ARM::CMSIS:CORE:5.5.0
      Include file:  CMSIS\Core\Include\tz_context.h
Build Time Elapsed:  00:00:02
</pre>
</body>
</html>
