Component: ARM Compiler 5.06 update 1 (build 61) Tool: armlink [4d35a8]

==============================================================================

Section Cross References

    startup_stm32f407xx.o(RESET) refers to startup_stm32f407xx.o(STACK) for __initial_sp
    startup_stm32f407xx.o(RESET) refers to startup_stm32f407xx.o(.text) for Reset_Handler
    startup_stm32f407xx.o(RESET) refers to stm32f4xx_it.o(i.NMI_Handler) for NMI_Handler
    startup_stm32f407xx.o(RESET) refers to stm32f4xx_it.o(i.HardFault_Handler) for HardFault_Handler
    startup_stm32f407xx.o(RESET) refers to stm32f4xx_it.o(i.MemManage_Handler) for MemManage_Handler
    startup_stm32f407xx.o(RESET) refers to stm32f4xx_it.o(i.BusFault_Handler) for BusFault_Handler
    startup_stm32f407xx.o(RESET) refers to stm32f4xx_it.o(i.UsageFault_Handler) for UsageFault_Handler
    startup_stm32f407xx.o(RESET) refers to stm32f4xx_it.o(i.SVC_Handler) for SVC_Handler
    startup_stm32f407xx.o(RESET) refers to stm32f4xx_it.o(i.DebugMon_Handler) for DebugMon_Handler
    startup_stm32f407xx.o(RESET) refers to stm32f4xx_it.o(i.PendSV_Handler) for PendSV_Handler
    startup_stm32f407xx.o(RESET) refers to stm32f4xx_it.o(i.SysTick_Handler) for SysTick_Handler
    startup_stm32f407xx.o(RESET) refers to stm32f4xx_it.o(i.EXTI2_IRQHandler) for EXTI2_IRQHandler
    startup_stm32f407xx.o(RESET) refers to stm32f4xx_it.o(i.EXTI4_IRQHandler) for EXTI4_IRQHandler
    startup_stm32f407xx.o(RESET) refers to stm32f4xx_it.o(i.ADC_IRQHandler) for ADC_IRQHandler
    startup_stm32f407xx.o(RESET) refers to stm32f4xx_it.o(i.USART1_IRQHandler) for USART1_IRQHandler
    startup_stm32f407xx.o(RESET) refers to stm32f4xx_it.o(i.DMA2_Stream0_IRQHandler) for DMA2_Stream0_IRQHandler
    startup_stm32f407xx.o(RESET) refers to stm32f4xx_it.o(i.DMA2_Stream2_IRQHandler) for DMA2_Stream2_IRQHandler
    startup_stm32f407xx.o(.text) refers to system_stm32f4xx.o(i.SystemInit) for SystemInit
    startup_stm32f407xx.o(.text) refers to entry.o(.ARM.Collect$$$$00000000) for __main
    main.o(i.Compute_Dual_Voltage) refers to stm32f4xx_hal_adc.o(i.HAL_ADC_Start_DMA) for HAL_ADC_Start_DMA
    main.o(i.Compute_Dual_Voltage) refers to stm32f4xx_hal_tim.o(i.HAL_TIM_Base_Start) for HAL_TIM_Base_Start
    main.o(i.Compute_Dual_Voltage) refers to main.o(.data) for .data
    main.o(i.Compute_Dual_Voltage) refers to main.o(.bss) for .bss
    main.o(i.Compute_Dual_Voltage) refers to adc.o(.bss) for hadc1
    main.o(i.Compute_Dual_Voltage) refers to tim.o(.bss) for htim3
    main.o(i.DDS_Output_Channel) refers to ad9959.o(i.AD9959_Set_Fre) for AD9959_Set_Fre
    main.o(i.DDS_Output_Channel) refers to ad9959.o(i.AD9959_Set_Amp) for AD9959_Set_Amp
    main.o(i.DDS_Output_Channel) refers to ad9959.o(i.AD9959_Set_Phase) for AD9959_Set_Phase
    main.o(i.DDS_Output_Channel) refers to ad9959.o(i.IO_Update) for IO_Update
    main.o(i.DDS_Output_Channel) refers to stm32f4xx_hal.o(i.HAL_Delay) for HAL_Delay
    main.o(i.HAL_GPIO_EXTI_Callback) refers to stm32f4xx_hal.o(i.HAL_GetTick) for HAL_GetTick
    main.o(i.HAL_GPIO_EXTI_Callback) refers to stm32f4xx_hal_gpio.o(i.HAL_GPIO_ReadPin) for HAL_GPIO_ReadPin
    main.o(i.HAL_GPIO_EXTI_Callback) refers to main.o(.data) for .data
    main.o(i.SystemClock_Config) refers to memseta.o(.text) for __aeabi_memclr4
    main.o(i.SystemClock_Config) refers to stm32f4xx_hal_rcc.o(i.HAL_RCC_OscConfig) for HAL_RCC_OscConfig
    main.o(i.SystemClock_Config) refers to stm32f4xx_hal_rcc.o(i.HAL_RCC_ClockConfig) for HAL_RCC_ClockConfig
    main.o(i.main) refers to stm32f4xx_hal.o(i.HAL_Init) for HAL_Init
    main.o(i.main) refers to main.o(i.SystemClock_Config) for SystemClock_Config
    main.o(i.main) refers to gpio.o(i.MX_GPIO_Init) for MX_GPIO_Init
    main.o(i.main) refers to dma.o(i.MX_DMA_Init) for MX_DMA_Init
    main.o(i.main) refers to usart.o(i.MX_USART1_UART_Init) for MX_USART1_UART_Init
    main.o(i.main) refers to adc.o(i.MX_ADC1_Init) for MX_ADC1_Init
    main.o(i.main) refers to usart.o(i.MX_USART2_UART_Init) for MX_USART2_UART_Init
    main.o(i.main) refers to tim.o(i.MX_TIM3_Init) for MX_TIM3_Init
    main.o(i.main) refers to adc.o(i.MX_ADC2_Init) for MX_ADC2_Init
    main.o(i.main) refers to delay.o(i.delay_init) for delay_init
    main.o(i.main) refers to stm32f4xx_hal.o(i.HAL_Delay) for HAL_Delay
    main.o(i.main) refers to ad9959.o(i.AD9959_Init) for AD9959_Init
    main.o(i.main) refers to tjc_usart_hmi.o(i.initRingBuffer) for initRingBuffer
    main.o(i.main) refers to stm32f4xx_hal_uart.o(i.HAL_UART_Receive_IT) for HAL_UART_Receive_IT
    main.o(i.main) refers to main.o(i.DDS_Output_Channel) for DDS_Output_Channel
    main.o(i.main) refers to printfa.o(i.__0printf) for __2printf
    main.o(i.main) refers to main.o(i.Compute_Dual_Voltage) for Compute_Dual_Voltage
    main.o(i.main) refers to f2d.o(.text) for __aeabi_f2d
    main.o(i.main) refers to stm32f4xx_hal_gpio.o(i.HAL_GPIO_WritePin) for HAL_GPIO_WritePin
[...]
    Removing stm32f4xx_hal_uart.o(i.HAL_UARTEx_GetRxEventType), (4 bytes).
    Removing stm32f4xx_hal_uart.o(i.HAL_UARTEx_ReceiveToIdle), (240 bytes).
    Removing stm32f4xx_hal_uart.o(i.HAL_UARTEx_ReceiveToIdle_DMA), (78 bytes).
    Removing stm32f4xx_hal_uart.o(i.HAL_UARTEx_ReceiveToIdle_IT), (78 bytes).
    Removing stm32f4xx_hal_uart.o(i.HAL_UART_Abort), (210 bytes).
    Removing stm32f4xx_hal_uart.o(i.HAL_UART_AbortCpltCallback), (2 bytes).
    Removing stm32f4xx_hal_uart.o(i.HAL_UART_AbortReceive), (148 bytes).
    Removing stm32f4xx_hal_uart.o(i.HAL_UART_AbortReceiveCpltCallback), (2 bytes).
    Removing stm32f4xx_hal_uart.o(i.HAL_UART_AbortReceive_IT), (152 bytes).
    Removing stm32f4xx_hal_uart.o(i.HAL_UART_AbortTransmit), (98 bytes).
    Removing stm32f4xx_hal_uart.o(i.HAL_UART_AbortTransmitCpltCallback), (2 bytes).
    Removing stm32f4xx_hal_uart.o(i.HAL_UART_AbortTransmit_IT), (104 bytes).
    Removing stm32f4xx_hal_uart.o(i.HAL_UART_Abort_IT), (244 bytes).
    Removing stm32f4xx_hal_uart.o(i.HAL_UART_DMAPause), (120 bytes).
    Removing stm32f4xx_hal_uart.o(i.HAL_UART_DMAResume), (114 bytes).
    Removing stm32f4xx_hal_uart.o(i.HAL_UART_DMAStop), (112 bytes).
    Removing stm32f4xx_hal_uart.o(i.HAL_UART_DeInit), (54 bytes).
    Removing stm32f4xx_hal_uart.o(i.HAL_UART_GetError), (4 bytes).
    Removing stm32f4xx_hal_uart.o(i.HAL_UART_GetState), (10 bytes).
    Removing stm32f4xx_hal_uart.o(i.HAL_UART_MspDeInit), (2 bytes).
    Removing stm32f4xx_hal_uart.o(i.HAL_UART_MspInit), (2 bytes).
    Removing stm32f4xx_hal_uart.o(i.HAL_UART_Receive), (176 bytes).
    Removing stm32f4xx_hal_uart.o(i.HAL_UART_Receive_DMA), (28 bytes).
    Removing stm32f4xx_hal_uart.o(i.HAL_UART_RxCpltCallback), (2 bytes).
    Removing stm32f4xx_hal_uart.o(i.HAL_UART_RxHalfCpltCallback), (2 bytes).
    Removing stm32f4xx_hal_uart.o(i.HAL_UART_Transmit_DMA), (120 bytes).
    Removing stm32f4xx_hal_uart.o(i.HAL_UART_Transmit_IT), (50 bytes).
    Removing stm32f4xx_hal_uart.o(i.HAL_UART_TxHalfCpltCallback), (2 bytes).
    Removing stm32f4xx_hal_uart.o(i.UART_DMAError), (74 bytes).
    Removing stm32f4xx_hal_uart.o(i.UART_DMAReceiveCplt), (134 bytes).
    Removing stm32f4xx_hal_uart.o(i.UART_DMARxAbortCallback), (44 bytes).
    Removing stm32f4xx_hal_uart.o(i.UART_DMARxHalfCplt), (30 bytes).
    Removing stm32f4xx_hal_uart.o(i.UART_DMARxOnlyAbortCallback), (22 bytes).
    Removing stm32f4xx_hal_uart.o(i.UART_DMATransmitCplt), (66 bytes).
    Removing stm32f4xx_hal_uart.o(i.UART_DMATxAbortCallback), (44 bytes).
    Removing stm32f4xx_hal_uart.o(i.UART_DMATxHalfCplt), (10 bytes).
    Removing stm32f4xx_hal_uart.o(i.UART_DMATxOnlyAbortCallback), (20 bytes).
    Removing stm32f4xx_hal_uart.o(i.UART_EndTxTransfer), (28 bytes).
    Removing stm32f4xx_hal_uart.o(i.UART_Start_Receive_DMA), (144 bytes).
    Removing system_stm32f4xx.o(.rev16_text), (4 bytes).
    Removing system_stm32f4xx.o(.revsh_text), (4 bytes).
    Removing system_stm32f4xx.o(.rrx_text), (6 bytes).
    Removing system_stm32f4xx.o(i.SystemCoreClockUpdate), (124 bytes).
    Removing delay.o(.rev16_text), (4 bytes).
    Removing delay.o(.revsh_text), (4 bytes).
    Removing delay.o(.rrx_text), (6 bytes).
    Removing delay.o(i.delay_ms), (26 bytes).
    Removing delay.o(i.delay_us), (52 bytes).
    Removing sys.o(.rev16_text), (4 bytes).
    Removing sys.o(.revsh_text), (4 bytes).
    Removing sys.o(.rrx_text), (6 bytes).
    Removing sys.o(.emb_text), (16 bytes).
    Removing sys.o(i.Stm32_Clock_Init), (148 bytes).
    Removing ad9959.o(.rev16_text), (4 bytes).
    Removing ad9959.o(.revsh_text), (4 bytes).
    Removing ad9959.o(.rrx_text), (6 bytes).
    Removing ad9959.o(i.AD9959_Modulation_Init), (152 bytes).
    Removing ad9959.o(i.AD9959_SetASK), (66 bytes).
    Removing ad9959.o(i.AD9959_SetAmp_Sweep), (100 bytes).
    Removing ad9959.o(i.AD9959_SetFSK), (58 bytes).
    Removing ad9959.o(i.AD9959_SetFre_Sweep), (136 bytes).
    Removing ad9959.o(i.AD9959_SetPSK), (58 bytes).
    Removing ad9959.o(i.AD9959_SetPhase_Sweep), (84 bytes).
    Removing ad9959.o(i.Write_FDW), (40 bytes).
    Removing ad9959.o(i.Write_LSRR), (26 bytes).
    Removing ad9959.o(i.Write_Profile_Ampli), (32 bytes).
    Removing ad9959.o(i.Write_Profile_Fre), (80 bytes).
    Removing ad9959.o(i.Write_Profile_Phase), (32 bytes).
    Removing ad9959.o(i.Write_RDW), (40 bytes).
    Removing tjc_usart_hmi.o(.rev16_text), (4 bytes).
    Removing tjc_usart_hmi.o(.revsh_text), (4 bytes).
    Removing tjc_usart_hmi.o(.rrx_text), (6 bytes).
    Removing tjc_usart_hmi.o(i.deleteRingBuffer), (52 bytes).
    Removing tjc_usart_hmi.o(i.getRingBufferLength), (12 bytes).
    Removing tjc_usart_hmi.o(i.intToStr), (70 bytes).
    Removing tjc_usart_hmi.o(i.isRingBufferOverflow), (24 bytes).
    Removing tjc_usart_hmi.o(i.read1ByteFromRingBuffer), (28 bytes).
    Removing tjc_usart_hmi.o(i.tjc_send_nstring), (48 bytes).
    Removing tjc_usart_hmi.o(i.tjc_send_string), (42 bytes).
    Removing tjc_usart_hmi.o(i.tjc_send_txt), (68 bytes).
    Removing tjc_usart_hmi.o(i.tjc_send_val), (70 bytes).
    Removing tjc_usart_hmi.o(i.uart_send_char), (36 bytes).
    Removing tjc_usart_hmi.o(i.uart_send_string), (24 bytes).
    Removing mcp41010.o(.rev16_text), (4 bytes).
    Removing mcp41010.o(.revsh_text), (4 bytes).
    Removing mcp41010.o(.rrx_text), (6 bytes).
    Removing mcp41010.o(i.MCP41010_Init), (16 bytes).
    Removing mcp41010.o(i.MCP41010_SHUTDONW), (128 bytes).
    Removing mcp41010.o(i.MCP41010_Write), (148 bytes).
    Removing mcp41010.o(.data), (2 bytes).

484 unused section(s) (total 34442 bytes) removed from the image.

==============================================================================

Image Symbol Table

    Local Symbols

    Symbol Name                              Value     Ov Type        Size  Object(Section)

    ../Core/Src/adc.c                        0x00000000   Number         0  adc.o ABSOLUTE
    ../Core/Src/dma.c                        0x00000000   Number         0  dma.o ABSOLUTE
    ../Core/Src/gpio.c                       0x00000000   Number         0  gpio.o ABSOLUTE
    ../Core/Src/main.c                       0x00000000   Number         0  main.o ABSOLUTE
    ../Core/Src/stm32f4xx_hal_msp.c          0x00000000   Number         0  stm32f4xx_hal_msp.o ABSOLUTE
    ../Core/Src/stm32f4xx_it.c               0x00000000   Number         0  stm32f4xx_it.o ABSOLUTE
    ../Core/Src/system_stm32f4xx.c           0x00000000   Number         0  system_stm32f4xx.o ABSOLUTE
    ../Core/Src/tim.c                        0x00000000   Number         0  tim.o ABSOLUTE
    ../Core/Src/usart.c                      0x00000000   Number         0  usart.o ABSOLUTE
    ../Drivers/STM32F4xx_HAL_Driver/Src/stm32f4xx_hal.c 0x00000000   Number         0  stm32f4xx_hal.o ABSOLUTE
    ../Drivers/STM32F4xx_HAL_Driver/Src/stm32f4xx_hal_adc.c 0x00000000   Number         0  stm32f4xx_hal_adc.o ABSOLUTE
    ../Drivers/STM32F4xx_HAL_Driver/Src/stm32f4xx_hal_adc_ex.c 0x00000000   Number         0  stm32f4xx_hal_adc_ex.o ABSOLUTE
    ../Drivers/STM32F4xx_HAL_Driver/Src/stm32f4xx_hal_cortex.c 0x00000000   Number         0  stm32f4xx_hal_cortex.o ABSOLUTE
    ../Drivers/STM32F4xx_HAL_Driver/Src/stm32f4xx_hal_dma.c 0x00000000   Number         0  stm32f4xx_hal_dma.o ABSOLUTE
    ../Drivers/STM32F4xx_HAL_Driver/Src/stm32f4xx_hal_dma_ex.c 0x00000000   Number         0  stm32f4xx_hal_dma_ex.o ABSOLUTE
    ../Drivers/STM32F4xx_HAL_Driver/Src/stm32f4xx_hal_exti.c 0x00000000   Number         0  stm32f4xx_hal_exti.o ABSOLUTE
    ../Drivers/STM32F4xx_HAL_Driver/Src/stm32f4xx_hal_flash.c 0x00000000   Number         0  stm32f4xx_hal_flash.o ABSOLUTE
    ../Drivers/STM32F4xx_HAL_Driver/Src/stm32f4xx_hal_flash_ex.c 0x00000000   Number         0  stm32f4xx_hal_flash_ex.o ABSOLUTE
    ../Drivers/STM32F4xx_HAL_Driver/Src/stm32f4xx_hal_flash_ramfunc.c 0x00000000   Number         0  stm32f4xx_hal_flash_ramfunc.o ABSOLUTE
    ../Drivers/STM32F4xx_HAL_Driver/Src/stm32f4xx_hal_gpio.c 0x00000000   Number         0  stm32f4xx_hal_gpio.o ABSOLUTE
    ../Drivers/STM32F4xx_HAL_Driver/Src/stm32f4xx_hal_pwr.c 0x00000000   Number         0  stm32f4xx_hal_pwr.o ABSOLUTE
    ../Drivers/STM32F4xx_HAL_Driver/Src/stm32f4xx_hal_pwr_ex.c 0x00000000   Number         0  stm32f4xx_hal_pwr_ex.o ABSOLUTE
    ../Drivers/STM32F4xx_HAL_Driver/Src/stm32f4xx_hal_rcc.c 0x00000000   Number         0  stm32f4xx_hal_rcc.o ABSOLUTE
    ../Drivers/STM32F4xx_HAL_Driver/Src/stm32f4xx_hal_rcc_ex.c 0x00000000   Number         0  stm32f4xx_hal_rcc_ex.o ABSOLUTE
    ../Drivers/STM32F4xx_HAL_Driver/Src/stm32f4xx_hal_tim.c 0x00000000   Number         0  stm32f4xx_hal_tim.o ABSOLUTE
    ../Drivers/STM32F4xx_HAL_Driver/Src/stm32f4xx_hal_tim_ex.c 0x00000000   Number         0  stm32f4xx_hal_tim_ex.o ABSOLUTE
    ../Drivers/STM32F4xx_HAL_Driver/Src/stm32f4xx_hal_uart.c 0x00000000   Number         0  stm32f4xx_hal_uart.o ABSOLUTE
    ../Drivers/STM32F4xx_HAL_Driver/Src/stm32f4xx_ll_adc.c 0x00000000   Number         0  stm32f4xx_ll_adc.o ABSOLUTE
    ../clib/microlib/division.c              0x00000000   Number         0  uidiv.o ABSOLUTE
    ../clib/microlib/division.c              0x00000000   Number         0  uldiv.o ABSOLUTE
    ../clib/microlib/init/entry.s            0x00000000   Number         0  entry11b.o ABSOLUTE
    ../clib/microlib/init/entry.s            0x00000000   Number         0  entry.o ABSOLUTE
    ../clib/microlib/init/entry.s            0x00000000   Number         0  entry8a.o ABSOLUTE
    ../clib/microlib/init/entry.s            0x00000000   Number         0  entry9a.o ABSOLUTE
    ../clib/microlib/init/entry.s            0x00000000   Number         0  entry7b.o ABSOLUTE
    ../clib/microlib/init/entry.s            0x00000000   Number         0  entry9b.o ABSOLUTE
    ../clib/microlib/init/entry.s            0x00000000   Number         0  entry7a.o ABSOLUTE
    ../clib/microlib/init/entry.s            0x00000000   Number         0  entry5.o ABSOLUTE
    ../clib/microlib/init/entry.s            0x00000000   Number         0  entry10b.o ABSOLUTE
    ../clib/microlib/init/entry.s            0x00000000   Number         0  entry10a.o ABSOLUTE
    ../clib/microlib/init/entry.s            0x00000000   Number         0  entry11a.o ABSOLUTE
    ../clib/microlib/init/entry.s            0x00000000   Number         0  entry2.o ABSOLUTE
    ../clib/microlib/init/entry.s            0x00000000   Number         0  entry8b.o ABSOLUTE
    ../clib/microlib/longlong.c              0x00000000   Number         0  llshl.o ABSOLUTE
    ../clib/microlib/longlong.c              0x00000000   Number         0  llushr.o ABSOLUTE
    ../clib/microlib/longlong.c              0x00000000   Number         0  llsshr.o ABSOLUTE
    ../clib/microlib/printf/printf.c         0x00000000   Number         0  printf7.o ABSOLUTE
    ../clib/microlib/printf/printf.c         0x00000000   Number         0  printf1.o ABSOLUTE
    ../clib/microlib/printf/printf.c         0x00000000   Number         0  printf4.o ABSOLUTE
    ../clib/microlib/printf/printf.c         0x00000000   Number         0  printf5.o ABSOLUTE
    ../clib/microlib/printf/printf.c         0x00000000   Number         0  printfb.o ABSOLUTE
    ../clib/microlib/printf/printf.c         0x00000000   Number         0  printf6.o ABSOLUTE
    ../clib/microlib/printf/printf.c         0x00000000   Number         0  printf8.o ABSOLUTE
    ../clib/microlib/printf/printf.c         0x00000000   Number         0  printf0.o ABSOLUTE
    ../clib/microlib/printf/printf.c         0x00000000   Number         0  printfa.o ABSOLUTE
    ../clib/microlib/printf/printf.c         0x00000000   Number         0  printf2.o ABSOLUTE
    ../clib/microlib/printf/printf.c         0x00000000   Number         0  printf3.o ABSOLUTE
    ../clib/microlib/printf/stubs.s          0x00000000   Number         0  stubs.o ABSOLUTE
    ../clib/microlib/stdio/streams.c         0x00000000   Number         0  stdout.o ABSOLUTE
    ../clib/microlib/string/memset.c         0x00000000   Number         0  memseta.o ABSOLUTE
    ../clib/microlib/stubs.s                 0x00000000   Number         0  iusefp.o ABSOLUTE
    ../fplib/microlib/f2d.c                  0x00000000   Number         0  f2d.o ABSOLUTE
    ../fplib/microlib/fpadd.c                0x00000000   Number         0  dadd.o ABSOLUTE
    ../fplib/microlib/fpdiv.c                0x00000000   Number         0  ddiv.o ABSOLUTE
    ../fplib/microlib/fpepilogue.c           0x00000000   Number         0  depilogue.o ABSOLUTE
    ../fplib/microlib/fpfix.c                0x00000000   Number         0  dfixul.o ABSOLUTE
    ../fplib/microlib/fpfix.c                0x00000000   Number         0  dfixui.o ABSOLUTE
    ../fplib/microlib/fpflt.c                0x00000000   Number         0  dfltui.o ABSOLUTE
    ../fplib/microlib/fpmul.c                0x00000000   Number         0  dmul.o ABSOLUTE
    ..\Core\Src\adc.c                        0x00000000   Number         0  adc.o ABSOLUTE
    ..\Core\Src\dma.c                        0x00000000   Number         0  dma.o ABSOLUTE
    ..\Core\Src\gpio.c                       0x00000000   Number         0  gpio.o ABSOLUTE
    ..\Core\Src\main.c                       0x00000000   Number         0  main.o ABSOLUTE
    ..\Core\Src\stm32f4xx_hal_msp.c          0x00000000   Number         0  stm32f4xx_hal_msp.o ABSOLUTE
    ..\Core\Src\stm32f4xx_it.c               0x00000000   Number         0  stm32f4xx_it.o ABSOLUTE
    ..\Core\Src\system_stm32f4xx.c           0x00000000   Number         0  system_stm32f4xx.o ABSOLUTE
    ..\Core\Src\tim.c                        0x00000000   Number         0  tim.o ABSOLUTE
    ..\Core\Src\usart.c                      0x00000000   Number         0  usart.o ABSOLUTE
    ..\Drivers\STM32F4xx_HAL_Driver\Src\stm32f4xx_hal.c 0x00000000   Number         0  stm32f4xx_hal.o ABSOLUTE
    ..\Drivers\STM32F4xx_HAL_Driver\Src\stm32f4xx_hal_adc.c 0x00000000   Number         0  stm32f4xx_hal_adc.o ABSOLUTE
    ..\Drivers\STM32F4xx_HAL_Driver\Src\stm32f4xx_hal_adc_ex.c 0x00000000   Number         0  stm32f4xx_hal_adc_ex.o ABSOLUTE
    ..\Drivers\STM32F4xx_HAL_Driver\Src\stm32f4xx_hal_cortex.c 0x00000000   Number         0  stm32f4xx_hal_cortex.o ABSOLUTE
    ..\Drivers\STM32F4xx_HAL_Driver\Src\stm32f4xx_hal_dma.c 0x00000000   Number         0  stm32f4xx_hal_dma.o ABSOLUTE
    ..\Drivers\STM32F4xx_HAL_Driver\Src\stm32f4xx_hal_dma_ex.c 0x00000000   Number         0  stm32f4xx_hal_dma_ex.o ABSOLUTE
    ..\Drivers\STM32F4xx_HAL_Driver\Src\stm32f4xx_hal_exti.c 0x00000000   Number         0  stm32f4xx_hal_exti.o ABSOLUTE
    ..\Drivers\STM32F4xx_HAL_Driver\Src\stm32f4xx_hal_flash.c 0x00000000   Number         0  stm32f4xx_hal_flash.o ABSOLUTE
    ..\Drivers\STM32F4xx_HAL_Driver\Src\stm32f4xx_hal_flash_ex.c 0x00000000   Number         0  stm32f4xx_hal_flash_ex.o ABSOLUTE
    ..\Drivers\STM32F4xx_HAL_Driver\Src\stm32f4xx_hal_flash_ramfunc.c 0x00000000   Number         0  stm32f4xx_hal_flash_ramfunc.o ABSOLUTE
    ..\Drivers\STM32F4xx_HAL_Driver\Src\stm32f4xx_hal_gpio.c 0x00000000   Number         0  stm32f4xx_hal_gpio.o ABSOLUTE
    ..\Drivers\STM32F4xx_HAL_Driver\Src\stm32f4xx_hal_pwr.c 0x00000000   Number         0  stm32f4xx_hal_pwr.o ABSOLUTE
    ..\Drivers\STM32F4xx_HAL_Driver\Src\stm32f4xx_hal_pwr_ex.c 0x00000000   Number         0  stm32f4xx_hal_pwr_ex.o ABSOLUTE
    ..\Drivers\STM32F4xx_HAL_Driver\Src\stm32f4xx_hal_rcc.c 0x00000000   Number         0  stm32f4xx_hal_rcc.o ABSOLUTE
    ..\Drivers\STM32F4xx_HAL_Driver\Src\stm32f4xx_hal_rcc_ex.c 0x00000000   Number         0  stm32f4xx_hal_rcc_ex.o ABSOLUTE
    ..\Drivers\STM32F4xx_HAL_Driver\Src\stm32f4xx_hal_tim.c 0x00000000   Number         0  stm32f4xx_hal_tim.o ABSOLUTE
    ..\Drivers\STM32F4xx_HAL_Driver\Src\stm32f4xx_hal_tim_ex.c 0x00000000   Number         0  stm32f4xx_hal_tim_ex.o ABSOLUTE
    ..\Drivers\STM32F4xx_HAL_Driver\Src\stm32f4xx_hal_uart.c 0x00000000   Number         0  stm32f4xx_hal_uart.o ABSOLUTE
    ..\HARDWARE\AD9959\AD9959.c              0x00000000   Number         0  ad9959.o ABSOLUTE
    ..\HARDWARE\HMI\tjc_usart_hmi.c          0x00000000   Number         0  tjc_usart_hmi.o ABSOLUTE
    ..\HARDWARE\MCP41010\MCP41010.c          0x00000000   Number         0  mcp41010.o ABSOLUTE
    ..\SYSTEM\delay\delay.c                  0x00000000   Number         0  delay.o ABSOLUTE
    ..\SYSTEM\sys\sys.c                      0x00000000   Number         0  sys.o ABSOLUTE
    ..\\HARDWARE\\AD9959\\AD9959.c           0x00000000   Number         0  ad9959.o ABSOLUTE
    ..\\HARDWARE\\HMI\\tjc_usart_hmi.c       0x00000000   Number         0  tjc_usart_hmi.o ABSOLUTE
    ..\\HARDWARE\\MCP41010\\MCP41010.c       0x00000000   Number         0  mcp41010.o ABSOLUTE
    ..\\SYSTEM\\delay\\delay.c               0x00000000   Number         0  delay.o ABSOLUTE
    ..\\SYSTEM\\sys\\sys.c                   0x00000000   Number         0  sys.o ABSOLUTE
    cdrcmple.s                               0x00000000   Number         0  cdrcmple.o ABSOLUTE
    dc.s                                     0x00000000   Number         0  dc.o ABSOLUTE
    handlers.s                               0x00000000   Number         0  handlers.o ABSOLUTE
    init.s                                   0x00000000   Number         0  init.o ABSOLUTE
    startup_stm32f407xx.s                    0x00000000   Number         0  startup_stm32f407xx.o ABSOLUTE
    RESET                                    0x08000000   Section      392  startup_stm32f407xx.o(RESET)
    .ARM.Collect$$$$00000000                 0x08000188   Section        0  entry.o(.ARM.Collect$$$$00000000)
    .ARM.Collect$$$$00000001                 0x08000188   Section        4  entry2.o(.ARM.Collect$$$$00000001)
    .ARM.Collect$$$$00000004                 0x0800018c   Section        4  entry5.o(.ARM.Collect$$$$00000004)
    .ARM.Collect$$$$00000008                 0x08000190   Section        0  entry7b.o(.ARM.Collect$$$$00000008)
    .ARM.Collect$$$$0000000A                 0x08000190   Section        0  entry8b.o(.ARM.Collect$$$$0000000A)
    .ARM.Collect$$$$0000000B                 0x08000190   Section        8  entry9a.o(.ARM.Collect$$$$0000000B)
    .ARM.Collect$$$$0000000D                 0x08000198   Section        0  entry10a.o(.ARM.Collect$$$$0000000D)
    .ARM.Collect$$$$0000000F                 0x08000198   Section        0  entry11a.o(.ARM.Collect$$$$0000000F)
    .ARM.Collect$$$$00002712                 0x08000198   Section        4  entry2.o(.ARM.Collect$$$$00002712)
    __lit__00000000                          0x08000198   Data           4  entry2.o(.ARM.Collect$$$$00002712)
    .text                                    0x0800019c   Section       36  startup_stm32f407xx.o(.text)
    $v0                                      0x0800019c   Number         0  startup_stm32f407xx.o(.text)
    .text                                    0x080001c0   Section        0  uldiv.o(.text)
    .text                                    0x08000222   Section        0  memseta.o(.text)
    .text                                    0x08000246   Section        0  dmul.o(.text)
    .text                                    0x0800032a   Section        0  dfltui.o(.text)
    .text                                    0x08000344   Section        0  dfixui.o(.text)
    .text                                    0x08000376   Section        0  f2d.o(.text)
    .text                                    0x0800039c   Section        0  uidiv.o(.text)
    .text                                    0x080003c8   Section        0  llshl.o(.text)
    .text                                    0x080003e6   Section        0  llushr.o(.text)
    .text                                    0x08000406   Section        0  depilogue.o(.text)
    .text                                    0x08000406   Section        0  iusefp.o(.text)
    .text                                    0x080004c0   Section        0  dadd.o(.text)
    .text                                    0x0800060e   Section        0  ddiv.o(.text)
    .text                                    0x080006ec   Section        0  dfixul.o(.text)
    .text                                    0x0800071c   Section       48  cdrcmple.o(.text)
    .text                                    0x0800074c   Section       36  init.o(.text)
    .text                                    0x08000770   Section        0  llsshr.o(.text)
    i.AD9959_Init                            0x08000794   Section        0  ad9959.o(i.AD9959_Init)
    i.AD9959_Set_Amp                         0x0800084c   Section        0  ad9959.o(i.AD9959_Set_Amp)
    i.AD9959_Set_Fre                         0x0800086a   Section        0  ad9959.o(i.AD9959_Set_Fre)
    i.AD9959_Set_Phase                       0x08000888   Section        0  ad9959.o(i.AD9959_Set_Phase)
    i.AD9959_WriteData                       0x080008a8   Section        0  ad9959.o(i.AD9959_WriteData)
    i.ADC_DMAConvCplt                        0x08000930   Section        0  stm32f4xx_hal_adc.o(i.ADC_DMAConvCplt)
    ADC_DMAConvCplt                          0x08000931   Thumb Code   110  stm32f4xx_hal_adc.o(i.ADC_DMAConvCplt)
    i.ADC_DMAError                           0x0800099e   Section        0  stm32f4xx_hal_adc.o(i.ADC_DMAError)
    ADC_DMAError                             0x0800099f   Thumb Code    22  stm32f4xx_hal_adc.o(i.ADC_DMAError)
    i.ADC_DMAHalfConvCplt                    0x080009b4   Section        0  stm32f4xx_hal_adc.o(i.ADC_DMAHalfConvCplt)
    ADC_DMAHalfConvCplt                      0x080009b5   Thumb Code    10  stm32f4xx_hal_adc.o(i.ADC_DMAHalfConvCplt)
    i.ADC_IRQHandler                         0x080009c0   Section        0  stm32f4xx_it.o(i.ADC_IRQHandler)
    i.ADC_Init                               0x080009dc   Section        0  stm32f4xx_hal_adc.o(i.ADC_Init)
    ADC_Init                                 0x080009dd   Thumb Code   284  stm32f4xx_hal_adc.o(i.ADC_Init)
    i.BusFault_Handler                       0x08000b04   Section        0  stm32f4xx_it.o(i.BusFault_Handler)
    i.Compute_Dual_Voltage                   0x08000b08   Section        0  main.o(i.Compute_Dual_Voltage)
    Compute_Dual_Voltage                     0x08000b09   Thumb Code   148  main.o(i.Compute_Dual_Voltage)
    i.DDS_Output_Channel                     0x08000bb4   Section        0  main.o(i.DDS_Output_Channel)
    DDS_Output_Channel                       0x08000bb5   Thumb Code    40  main.o(i.DDS_Output_Channel)
    i.DMA2_Stream0_IRQHandler                0x08000bdc   Section        0  stm32f4xx_it.o(i.DMA2_Stream0_IRQHandler)
    i.DMA2_Stream2_IRQHandler                0x08000bf4   Section        0  stm32f4xx_it.o(i.DMA2_Stream2_IRQHandler)
    i.DMA_CalcBaseAndBitshift                0x08000c0c   Section        0  stm32f4xx_hal_dma.o(i.DMA_CalcBaseAndBitshift)
    DMA_CalcBaseAndBitshift                  0x08000c0d   Thumb Code    34  stm32f4xx_hal_dma.o(i.DMA_CalcBaseAndBitshift)
    i.DMA_CheckFifoParam                     0x08000c34   Section        0  stm32f4xx_hal_dma.o(i.DMA_CheckFifoParam)
    DMA_CheckFifoParam                       0x08000c35   Thumb Code    84  stm32f4xx_hal_dma.o(i.DMA_CheckFifoParam)
    i.DMA_SetConfig                          0x08000c88   Section        0  stm32f4xx_hal_dma.o(i.DMA_SetConfig)
    DMA_SetConfig                            0x08000c89   Thumb Code    40  stm32f4xx_hal_dma.o(i.DMA_SetConfig)
    i.DebugMon_Handler                       0x08000cb0   Section        0  stm32f4xx_it.o(i.DebugMon_Handler)
    i.EXTI2_IRQHandler                       0x08000cb2   Section        0  stm32f4xx_it.o(i.EXTI2_IRQHandler)
    i.EXTI4_IRQHandler                       0x08000cb8   Section        0  stm32f4xx_it.o(i.EXTI4_IRQHandler)
    i.Error_Handler                          0x08000cbe   Section        0  main.o(i.Error_Handler)
    i.HAL_ADCEx_InjectedConvCpltCallback     0x08000cc2   Section        0  stm32f4xx_hal_adc_ex.o(i.HAL_ADCEx_InjectedConvCpltCallback)
    i.HAL_ADC_ConfigChannel                  0x08000cc4   Section        0  stm32f4xx_hal_adc.o(i.HAL_ADC_ConfigChannel)
    i.HAL_ADC_ConvCpltCallback               0x08000e10   Section        0  stm32f4xx_hal_adc.o(i.HAL_ADC_ConvCpltCallback)
    i.HAL_ADC_ConvHalfCpltCallback           0x08000e12   Section        0  stm32f4xx_hal_adc.o(i.HAL_ADC_ConvHalfCpltCallback)
    i.HAL_ADC_ErrorCallback                  0x08000e14   Section        0  stm32f4xx_hal_adc.o(i.HAL_ADC_ErrorCallback)
    i.HAL_ADC_IRQHandler                     0x08000e16   Section        0  stm32f4xx_hal_adc.o(i.HAL_ADC_IRQHandler)
    i.HAL_ADC_Init                           0x08000f44   Section        0  stm32f4xx_hal_adc.o(i.HAL_ADC_Init)
    i.HAL_ADC_LevelOutOfWindowCallback       0x08000f98   Section        0  stm32f4xx_hal_adc.o(i.HAL_ADC_LevelOutOfWindowCallback)
    i.HAL_ADC_MspInit                        0x08000f9c   Section        0  adc.o(i.HAL_ADC_MspInit)
    i.HAL_ADC_Start_DMA                      0x080010b0   Section        0  stm32f4xx_hal_adc.o(i.HAL_ADC_Start_DMA)
    i.HAL_DMA_Abort                          0x08001204   Section        0  stm32f4xx_hal_dma.o(i.HAL_DMA_Abort)
    i.HAL_DMA_Abort_IT                       0x08001296   Section        0  stm32f4xx_hal_dma.o(i.HAL_DMA_Abort_IT)
    i.HAL_DMA_IRQHandler                     0x080012bc   Section        0  stm32f4xx_hal_dma.o(i.HAL_DMA_IRQHandler)
    i.HAL_DMA_Init                           0x0800145c   Section        0  stm32f4xx_hal_dma.o(i.HAL_DMA_Init)
    i.HAL_DMA_Start_IT                       0x08001530   Section        0  stm32f4xx_hal_dma.o(i.HAL_DMA_Start_IT)
    i.HAL_Delay                              0x080015a0   Section        0  stm32f4xx_hal.o(i.HAL_Delay)
    i.HAL_GPIO_EXTI_Callback                 0x080015c4   Section        0  main.o(i.HAL_GPIO_EXTI_Callback)
    i.HAL_GPIO_EXTI_IRQHandler               0x08001610   Section        0  stm32f4xx_hal_gpio.o(i.HAL_GPIO_EXTI_IRQHandler)
    i.HAL_GPIO_Init                          0x08001628   Section        0  stm32f4xx_hal_gpio.o(i.HAL_GPIO_Init)
    i.HAL_GPIO_ReadPin                       0x08001818   Section        0  stm32f4xx_hal_gpio.o(i.HAL_GPIO_ReadPin)
    i.HAL_GPIO_WritePin                      0x08001822   Section        0  stm32f4xx_hal_gpio.o(i.HAL_GPIO_WritePin)
    i.HAL_GetTick                            0x0800182c   Section        0  stm32f4xx_hal.o(i.HAL_GetTick)
    i.HAL_IncTick                            0x08001838   Section        0  stm32f4xx_hal.o(i.HAL_IncTick)
    i.HAL_Init                               0x08001848   Section        0  stm32f4xx_hal.o(i.HAL_Init)
    i.HAL_InitTick                           0x0800187c   Section        0  stm32f4xx_hal.o(i.HAL_InitTick)
    i.HAL_MspInit                            0x080018bc   Section        0  stm32f4xx_hal_msp.o(i.HAL_MspInit)
    i.HAL_NVIC_EnableIRQ                     0x080018ec   Section        0  stm32f4xx_hal_cortex.o(i.HAL_NVIC_EnableIRQ)
    i.HAL_NVIC_SetPriority                   0x08001908   Section        0  stm32f4xx_hal_cortex.o(i.HAL_NVIC_SetPriority)
    i.HAL_NVIC_SetPriorityGrouping           0x08001948   Section        0  stm32f4xx_hal_cortex.o(i.HAL_NVIC_SetPriorityGrouping)
    i.HAL_RCC_ClockConfig                    0x0800196c   Section        0  stm32f4xx_hal_rcc.o(i.HAL_RCC_ClockConfig)
    i.HAL_RCC_GetPCLK1Freq                   0x08001aa0   Section        0  stm32f4xx_hal_rcc.o(i.HAL_RCC_GetPCLK1Freq)
    i.HAL_RCC_GetPCLK2Freq                   0x08001ac0   Section        0  stm32f4xx_hal_rcc.o(i.HAL_RCC_GetPCLK2Freq)
    i.HAL_RCC_GetSysClockFreq                0x08001ae0   Section        0  stm32f4xx_hal_rcc.o(i.HAL_RCC_GetSysClockFreq)
    i.HAL_RCC_OscConfig                      0x08001b44   Section        0  stm32f4xx_hal_rcc.o(i.HAL_RCC_OscConfig)
    i.HAL_SYSTICK_CLKSourceConfig            0x08001eb0   Section        0  stm32f4xx_hal_cortex.o(i.HAL_SYSTICK_CLKSourceConfig)
    i.HAL_SYSTICK_Config                     0x08001ec8   Section        0  stm32f4xx_hal_cortex.o(i.HAL_SYSTICK_Config)
    i.HAL_TIMEx_MasterConfigSynchronization  0x08001ef0   Section        0  stm32f4xx_hal_tim_ex.o(i.HAL_TIMEx_MasterConfigSynchronization)
    i.HAL_TIM_Base_Init                      0x08001f80   Section        0  stm32f4xx_hal_tim.o(i.HAL_TIM_Base_Init)
    i.HAL_TIM_Base_MspInit                   0x08001fdc   Section        0  tim.o(i.HAL_TIM_Base_MspInit)
    i.HAL_TIM_Base_Start                     0x08002004   Section        0  stm32f4xx_hal_tim.o(i.HAL_TIM_Base_Start)
    i.HAL_TIM_ConfigClockSource              0x0800207c   Section        0  stm32f4xx_hal_tim.o(i.HAL_TIM_ConfigClockSource)
    i.HAL_UARTEx_RxEventCallback             0x08002158   Section        0  stm32f4xx_hal_uart.o(i.HAL_UARTEx_RxEventCallback)
    i.HAL_UART_ErrorCallback                 0x0800215a   Section        0  stm32f4xx_hal_uart.o(i.HAL_UART_ErrorCallback)
    i.HAL_UART_IRQHandler                    0x0800215c   Section        0  stm32f4xx_hal_uart.o(i.HAL_UART_IRQHandler)
    i.HAL_UART_Init                          0x080023cc   Section        0  stm32f4xx_hal_uart.o(i.HAL_UART_Init)
    i.HAL_UART_MspInit                       0x08002430   Section        0  usart.o(i.HAL_UART_MspInit)
    i.HAL_UART_Receive_IT                    0x080024ec   Section        0  stm32f4xx_hal_uart.o(i.HAL_UART_Receive_IT)
    i.HAL_UART_RxCpltCallback                0x08002508   Section        0  tjc_usart_hmi.o(i.HAL_UART_RxCpltCallback)
    i.HAL_UART_Transmit                      0x08002538   Section        0  stm32f4xx_hal_uart.o(i.HAL_UART_Transmit)
    i.HAL_UART_TxCpltCallback                0x080025d8   Section        0  stm32f4xx_hal_uart.o(i.HAL_UART_TxCpltCallback)
    i.HardFault_Handler                      0x080025da   Section        0  stm32f4xx_it.o(i.HardFault_Handler)
    i.IO_Update                              0x080025dc   Section        0  ad9959.o(i.IO_Update)
    i.IntReset                               0x08002604   Section        0  ad9959.o(i.IntReset)
    i.Intserve                               0x0800262c   Section        0  ad9959.o(i.Intserve)
    i.MX_ADC1_Init                           0x08002674   Section        0  adc.o(i.MX_ADC1_Init)
    i.MX_ADC2_Init                           0x080026d8   Section        0  adc.o(i.MX_ADC2_Init)
    i.MX_DMA_Init                            0x0800273c   Section        0  dma.o(i.MX_DMA_Init)
    i.MX_GPIO_Init                           0x08002778   Section        0  gpio.o(i.MX_GPIO_Init)
    i.MX_TIM3_Init                           0x080028f0   Section        0  tim.o(i.MX_TIM3_Init)
    i.MX_USART1_UART_Init                    0x0800295c   Section        0  usart.o(i.MX_USART1_UART_Init)
    i.MX_USART2_UART_Init                    0x08002994   Section        0  usart.o(i.MX_USART2_UART_Init)
    i.MemManage_Handler                      0x080029cc   Section        0  stm32f4xx_it.o(i.MemManage_Handler)
    i.NMI_Handler                            0x080029ce   Section        0  stm32f4xx_it.o(i.NMI_Handler)
    i.PendSV_Handler                         0x080029d0   Section        0  stm32f4xx_it.o(i.PendSV_Handler)
    i.SVC_Handler                            0x080029d2   Section        0  stm32f4xx_it.o(i.SVC_Handler)
    i.SysTick_Handler                        0x080029d4   Section        0  stm32f4xx_it.o(i.SysTick_Handler)
    i.SystemClock_Config                     0x080029d8   Section        0  main.o(i.SystemClock_Config)
    i.SystemInit                             0x08002a6c   Section        0  system_stm32f4xx.o(i.SystemInit)
    i.TIM_Base_SetConfig                     0x08002a7c   Section        0  stm32f4xx_hal_tim.o(i.TIM_Base_SetConfig)
    i.TIM_ETR_SetConfig                      0x08002b54   Section        0  stm32f4xx_hal_tim.o(i.TIM_ETR_SetConfig)
    i.TIM_ITRx_SetConfig                     0x08002b68   Section        0  stm32f4xx_hal_tim.o(i.TIM_ITRx_SetConfig)
    TIM_ITRx_SetConfig                       0x08002b69   Thumb Code    16  stm32f4xx_hal_tim.o(i.TIM_ITRx_SetConfig)
    i.TIM_TI1_ConfigInputStage               0x08002b78   Section        0  stm32f4xx_hal_tim.o(i.TIM_TI1_ConfigInputStage)
    TIM_TI1_ConfigInputStage                 0x08002b79   Thumb Code    34  stm32f4xx_hal_tim.o(i.TIM_TI1_ConfigInputStage)
    i.TIM_TI2_ConfigInputStage               0x08002b9a   Section        0  stm32f4xx_hal_tim.o(i.TIM_TI2_ConfigInputStage)
    TIM_TI2_ConfigInputStage                 0x08002b9b   Thumb Code    36  stm32f4xx_hal_tim.o(i.TIM_TI2_ConfigInputStage)
    i.UART_DMAAbortOnError                   0x08002bbe   Section        0  stm32f4xx_hal_uart.o(i.UART_DMAAbortOnError)
    UART_DMAAbortOnError                     0x08002bbf   Thumb Code    16  stm32f4xx_hal_uart.o(i.UART_DMAAbortOnError)
    i.UART_EndRxTransfer                     0x08002bce   Section        0  stm32f4xx_hal_uart.o(i.UART_EndRxTransfer)
    UART_EndRxTransfer                       0x08002bcf   Thumb Code    78  stm32f4xx_hal_uart.o(i.UART_EndRxTransfer)
    i.UART_Receive_IT                        0x08002c1c   Section        0  stm32f4xx_hal_uart.o(i.UART_Receive_IT)
    UART_Receive_IT                          0x08002c1d   Thumb Code   194  stm32f4xx_hal_uart.o(i.UART_Receive_IT)
    i.UART_SetConfig                         0x08002ce0   Section        0  stm32f4xx_hal_uart.o(i.UART_SetConfig)
    UART_SetConfig                           0x08002ce1   Thumb Code   258  stm32f4xx_hal_uart.o(i.UART_SetConfig)
    i.UART_Start_Receive_IT                  0x08002dec   Section        0  stm32f4xx_hal_uart.o(i.UART_Start_Receive_IT)
    i.UART_WaitOnFlagUntilTimeout            0x08002e22   Section        0  stm32f4xx_hal_uart.o(i.UART_WaitOnFlagUntilTimeout)
    UART_WaitOnFlagUntilTimeout              0x08002e23   Thumb Code   114  stm32f4xx_hal_uart.o(i.UART_WaitOnFlagUntilTimeout)
    i.USART1_IRQHandler                      0x08002e94   Section        0  stm32f4xx_it.o(i.USART1_IRQHandler)
    i.UsageFault_Handler                     0x08002ea0   Section        0  stm32f4xx_it.o(i.UsageFault_Handler)
    i.Write_ACR                              0x08002ea2   Section        0  ad9959.o(i.Write_ACR)
    i.Write_CFTW0                            0x08002ec4   Section        0  ad9959.o(i.Write_CFTW0)
    i.Write_CPOW0                            0x08002f10   Section        0  ad9959.o(i.Write_CPOW0)
    i.__0printf                              0x08002f2c   Section        0  printfa.o(i.__0printf)
    i.__NVIC_SetPriority                     0x08002f4c   Section        0  stm32f4xx_hal_cortex.o(i.__NVIC_SetPriority)
    __NVIC_SetPriority                       0x08002f4d   Thumb Code    32  stm32f4xx_hal_cortex.o(i.__NVIC_SetPriority)
    i.__scatterload_copy                     0x08002f6c   Section       14  handlers.o(i.__scatterload_copy)
    i.__scatterload_null                     0x08002f7a   Section        2  handlers.o(i.__scatterload_null)
    i.__scatterload_zeroinit                 0x08002f7c   Section       14  handlers.o(i.__scatterload_zeroinit)
    i._fp_digits                             0x08002f8c   Section        0  printfa.o(i._fp_digits)
    _fp_digits                               0x08002f8d   Thumb Code   334  printfa.o(i._fp_digits)
    i._printf_core                           0x080030f0   Section        0  printfa.o(i._printf_core)
    _printf_core                             0x080030f1   Thumb Code  1744  printfa.o(i._printf_core)
    i._printf_post_padding                   0x080037cc   Section        0  printfa.o(i._printf_post_padding)
    _printf_post_padding                     0x080037cd   Thumb Code    36  printfa.o(i._printf_post_padding)
    i._printf_pre_padding                    0x080037f0   Section        0  printfa.o(i._printf_pre_padding)
    _printf_pre_padding                      0x080037f1   Thumb Code    46  printfa.o(i._printf_pre_padding)
    i.delay1                                 0x0800381e   Section        0  ad9959.o(i.delay1)
    i.delay_init                             0x08003824   Section        0  delay.o(i.delay_init)
    i.fputc                                  0x08003838   Section        0  usart.o(i.fputc)
    i.initRingBuffer                         0x08003850   Section        0  tjc_usart_hmi.o(i.initRingBuffer)
    i.main                                   0x08003860   Section        0  main.o(i.main)
    i.write1ByteToRingBuffer                 0x08003acc   Section        0  tjc_usart_hmi.o(i.write1ByteToRingBuffer)
    .constdata                               0x08003afc   Section        8  stm32f4xx_hal_dma.o(.constdata)
    flagBitshiftOffset                       0x08003afc   Data           8  stm32f4xx_hal_dma.o(.constdata)
    .constdata                               0x08003b04   Section       16  system_stm32f4xx.o(.constdata)
    .constdata                               0x08003b14   Section        8  system_stm32f4xx.o(.constdata)
    .data                                    0x20000000   Section       12  main.o(.data)
    last_time                                0x20000004   Data           4  main.o(.data)
    last_time                                0x20000008   Data           4  main.o(.data)
    .data                                    0x2000000c   Section       12  stm32f4xx_hal.o(.data)
    .data                                    0x20000018   Section        4  system_stm32f4xx.o(.data)
    .data                                    0x2000001c   Section        4  delay.o(.data)
    fac_us                                   0x2000001c   Data           4  delay.o(.data)
    .data                                    0x20000020   Section       16  ad9959.o(.data)
    .data                                    0x20000030   Section        1  tjc_usart_hmi.o(.data)
    .data                                    0x20000034   Section        4  stdout.o(.data)
    .bss                                     0x20000038   Section      100  main.o(.bss)
    .bss                                     0x2000009c   Section      336  adc.o(.bss)
    .bss                                     0x200001ec   Section       72  tim.o(.bss)
    .bss                                     0x20000234   Section      144  usart.o(.bss)
    .bss                                     0x200002c4   Section      506  tjc_usart_hmi.o(.bss)
    STACK                                    0x200004c0   Section     1024  startup_stm32f407xx.o(STACK)

    Global Symbols

    Symbol Name                              Value     Ov Type        Size  Object(Section)

    BuildAttributes$$THM_ISAv4$E$P$D$K$B$S$7EM$VFPi3$EXTD16$VFPS$VFMA$PE$A:L22UL41UL21$X:L11$S22US41US21$IEEE1$IW$USESV6$~STKCKD$USESV7$~SHL$OSPACE$ROPI$EBA8$MICROLIB$REQ8$PRES8$EABIv2 0x00000000   Number         0  anon$$obj.o ABSOLUTE
    __ARM_use_no_argv                        0x00000000   Number         0  main.o ABSOLUTE
    _printf_a                                0x00000000   Number         0  stubs.o ABSOLUTE
    _printf_c                                0x00000000   Number         0  stubs.o ABSOLUTE
    _printf_charcount                        0x00000000   Number         0  stubs.o ABSOLUTE
    _printf_d                                0x00000000   Number         0  stubs.o ABSOLUTE
    _printf_e                                0x00000000   Number         0  stubs.o ABSOLUTE
    _printf_f                                0x00000000   Number         0  stubs.o ABSOLUTE
    _printf_flags                            0x00000000   Number         0  stubs.o ABSOLUTE
    _printf_fp_dec                           0x00000000   Number         0  stubs.o ABSOLUTE
    _printf_fp_hex                           0x00000000   Number         0  stubs.o ABSOLUTE
    _printf_g                                0x00000000   Number         0  stubs.o ABSOLUTE
    _printf_i                                0x00000000   Number         0  stubs.o ABSOLUTE
    _printf_int_dec                          0x00000000   Number         0  stubs.o ABSOLUTE
    _printf_l                                0x00000000   Number         0  stubs.o ABSOLUTE
    _printf_lc                               0x00000000   Number         0  stubs.o ABSOLUTE
    _printf_ll                               0x00000000   Number         0  stubs.o ABSOLUTE
    _printf_lld                              0x00000000   Number         0  stubs.o ABSOLUTE
    _printf_lli                              0x00000000   Number         0  stubs.o ABSOLUTE
    _printf_llo                              0x00000000   Number         0  stubs.o ABSOLUTE
    _printf_llu                              0x00000000   Number         0  stubs.o ABSOLUTE
    _printf_llx                              0x00000000   Number         0  stubs.o ABSOLUTE
    _printf_longlong_dec                     0x00000000   Number         0  stubs.o ABSOLUTE
    _printf_longlong_hex                     0x00000000   Number         0  stubs.o ABSOLUTE
    _printf_longlong_oct                     0x00000000   Number         0  stubs.o ABSOLUTE
    _printf_ls                               0x00000000   Number         0  stubs.o ABSOLUTE
    _printf_mbtowc                           0x00000000   Number         0  stubs.o ABSOLUTE
    _printf_n                                0x00000000   Number         0  stubs.o ABSOLUTE
    _printf_o                                0x00000000   Number         0  stubs.o ABSOLUTE
    _printf_p                                0x00000000   Number         0  stubs.o ABSOLUTE
    _printf_percent                          0x00000000   Number         0  stubs.o ABSOLUTE
    _printf_pre_padding                      0x00000000   Number         0  stubs.o ABSOLUTE
    _printf_return_value                     0x00000000   Number         0  stubs.o ABSOLUTE
    _printf_s                                0x00000000   Number         0  stubs.o ABSOLUTE
    _printf_sizespec                         0x00000000   Number         0  stubs.o ABSOLUTE
    _printf_str                              0x00000000   Number         0  stubs.o ABSOLUTE
    _printf_truncate_signed                  0x00000000   Number         0  stubs.o ABSOLUTE
    _printf_truncate_unsigned                0x00000000   Number         0  stubs.o ABSOLUTE
    _printf_u                                0x00000000   Number         0  stubs.o ABSOLUTE
    _printf_wc                               0x00000000   Number         0  stubs.o ABSOLUTE
    _printf_wctomb                           0x00000000   Number         0  stubs.o ABSOLUTE
    _printf_widthprec                        0x00000000   Number         0  stubs.o ABSOLUTE
    _printf_x                                0x00000000   Number         0  stubs.o ABSOLUTE
    __cpp_initialize__aeabi_                  - Undefined Weak Reference
    __cxa_finalize                            - Undefined Weak Reference
    __decompress                              - Undefined Weak Reference
    _clock_init                               - Undefined Weak Reference
    _microlib_exit                            - Undefined Weak Reference
    __Vectors_Size                           0x00000188   Number         0  startup_stm32f407xx.o ABSOLUTE
    __Vectors                                0x08000000   Data           4  startup_stm32f407xx.o(RESET)
    __Vectors_End                            0x08000188   Data           0  startup_stm32f407xx.o(RESET)
    __main                                   0x08000189   Thumb Code     0  entry.o(.ARM.Collect$$$$00000000)
    _main_stk                                0x08000189   Thumb Code     0  entry2.o(.ARM.Collect$$$$00000001)
    _main_scatterload                        0x0800018d   Thumb Code     0  entry5.o(.ARM.Collect$$$$00000004)
    __main_after_scatterload                 0x08000191   Thumb Code     0  entry5.o(.ARM.Collect$$$$00000004)
    _main_clock                              0x08000191   Thumb Code     0  entry7b.o(.ARM.Collect$$$$00000008)
    _main_cpp_init                           0x08000191   Thumb Code     0  entry8b.o(.ARM.Collect$$$$0000000A)
    _main_init                               0x08000191   Thumb Code     0  entry9a.o(.ARM.Collect$$$$0000000B)
    __rt_final_cpp                           0x08000199   Thumb Code     0  entry10a.o(.ARM.Collect$$$$0000000D)
    __rt_final_exit                          0x08000199   Thumb Code     0  entry11a.o(.ARM.Collect$$$$0000000F)
    Reset_Handler                            0x0800019d   Thumb Code     8  startup_stm32f407xx.o(.text)
    CAN1_RX0_IRQHandler                      0x080001b7   Thumb Code     0  startup_stm32f407xx.o(.text)
    CAN1_RX1_IRQHandler                      0x080001b7   Thumb Code     0  startup_stm32f407xx.o(.text)
    CAN1_SCE_IRQHandler                      0x080001b7   Thumb Code     0  startup_stm32f407xx.o(.text)
    CAN1_TX_IRQHandler                       0x080001b7   Thumb Code     0  startup_stm32f407xx.o(.text)
    CAN2_RX0_IRQHandler                      0x080001b7   Thumb Code     0  startup_stm32f407xx.o(.text)
    CAN2_RX1_IRQHandler                      0x080001b7   Thumb Code     0  startup_stm32f407xx.o(.text)
    CAN2_SCE_IRQHandler                      0x080001b7   Thumb Code     0  startup_stm32f407xx.o(.text)
    CAN2_TX_IRQHandler                       0x080001b7   Thumb Code     0  startup_stm32f407xx.o(.text)
    DCMI_IRQHandler                          0x080001b7   Thumb Code     0  startup_stm32f407xx.o(.text)
    DMA1_Stream0_IRQHandler                  0x080001b7   Thumb Code     0  startup_stm32f407xx.o(.text)
    DMA1_Stream1_IRQHandler                  0x080001b7   Thumb Code     0  startup_stm32f407xx.o(.text)
    DMA1_Stream2_IRQHandler                  0x080001b7   Thumb Code     0  startup_stm32f407xx.o(.text)
    DMA1_Stream3_IRQHandler                  0x080001b7   Thumb Code     0  startup_stm32f407xx.o(.text)
    DMA1_Stream4_IRQHandler                  0x080001b7   Thumb Code     0  startup_stm32f407xx.o(.text)
    DMA1_Stream5_IRQHandler                  0x080001b7   Thumb Code     0  startup_stm32f407xx.o(.text)
    DMA1_Stream6_IRQHandler                  0x080001b7   Thumb Code     0  startup_stm32f407xx.o(.text)
    DMA1_Stream7_IRQHandler                  0x080001b7   Thumb Code     0  startup_stm32f407xx.o(.text)
    DMA2_Stream1_IRQHandler                  0x080001b7   Thumb Code     0  startup_stm32f407xx.o(.text)
    DMA2_Stream3_IRQHandler                  0x080001b7   Thumb Code     0  startup_stm32f407xx.o(.text)
    DMA2_Stream4_IRQHandler                  0x080001b7   Thumb Code     0  startup_stm32f407xx.o(.text)
    DMA2_Stream5_IRQHandler                  0x080001b7   Thumb Code     0  startup_stm32f407xx.o(.text)
    DMA2_Stream6_IRQHandler                  0x080001b7   Thumb Code     0  startup_stm32f407xx.o(.text)
    DMA2_Stream7_IRQHandler                  0x080001b7   Thumb Code     0  startup_stm32f407xx.o(.text)
    ETH_IRQHandler                           0x080001b7   Thumb Code     0  startup_stm32f407xx.o(.text)
    ETH_WKUP_IRQHandler                      0x080001b7   Thumb Code     0  startup_stm32f407xx.o(.text)
    EXTI0_IRQHandler                         0x080001b7   Thumb Code     0  startup_stm32f407xx.o(.text)
    EXTI15_10_IRQHandler                     0x080001b7   Thumb Code     0  startup_stm32f407xx.o(.text)
    EXTI1_IRQHandler                         0x080001b7   Thumb Code     0  startup_stm32f407xx.o(.text)
    EXTI3_IRQHandler                         0x080001b7   Thumb Code     0  startup_stm32f407xx.o(.text)
    EXTI9_5_IRQHandler                       0x080001b7   Thumb Code     0  startup_stm32f407xx.o(.text)
    FLASH_IRQHandler                         0x080001b7   Thumb Code     0  startup_stm32f407xx.o(.text)
    FMC_IRQHandler                           0x080001b7   Thumb Code     0  startup_stm32f407xx.o(.text)
    FPU_IRQHandler                           0x080001b7   Thumb Code     0  startup_stm32f407xx.o(.text)
    HASH_RNG_IRQHandler                      0x080001b7   Thumb Code     0  startup_stm32f407xx.o(.text)
    I2C1_ER_IRQHandler                       0x080001b7   Thumb Code     0  startup_stm32f407xx.o(.text)
    I2C1_EV_IRQHandler                       0x080001b7   Thumb Code     0  startup_stm32f407xx.o(.text)
    I2C2_ER_IRQHandler                       0x080001b7   Thumb Code     0  startup_stm32f407xx.o(.text)
    I2C2_EV_IRQHandler                       0x080001b7   Thumb Code     0  startup_stm32f407xx.o(.text)
    I2C3_ER_IRQHandler                       0x080001b7   Thumb Code     0  startup_stm32f407xx.o(.text)
    I2C3_EV_IRQHandler                       0x080001b7   Thumb Code     0  startup_stm32f407xx.o(.text)
    OTG_FS_IRQHandler                        0x080001b7   Thumb Code     0  startup_stm32f407xx.o(.text)
    OTG_FS_WKUP_IRQHandler                   0x080001b7   Thumb Code     0  startup_stm32f407xx.o(.text)
    OTG_HS_EP1_IN_IRQHandler                 0x080001b7   Thumb Code     0  startup_stm32f407xx.o(.text)
    OTG_HS_EP1_OUT_IRQHandler                0x080001b7   Thumb Code     0  startup_stm32f407xx.o(.text)
    OTG_HS_IRQHandler                        0x080001b7   Thumb Code     0  startup_stm32f407xx.o(.text)
    OTG_HS_WKUP_IRQHandler                   0x080001b7   Thumb Code     0  startup_stm32f407xx.o(.text)
    PVD_IRQHandler                           0x080001b7   Thumb Code     0  startup_stm32f407xx.o(.text)
    RCC_IRQHandler                           0x080001b7   Thumb Code     0  startup_stm32f407xx.o(.text)
    RTC_Alarm_IRQHandler                     0x080001b7   Thumb Code     0  startup_stm32f407xx.o(.text)
    RTC_WKUP_IRQHandler                      0x080001b7   Thumb Code     0  startup_stm32f407xx.o(.text)
    SDIO_IRQHandler                          0x080001b7   Thumb Code     0  startup_stm32f407xx.o(.text)
    SPI1_IRQHandler                          0x080001b7   Thumb Code     0  startup_stm32f407xx.o(.text)
    SPI2_IRQHandler                          0x080001b7   Thumb Code     0  startup_stm32f407xx.o(.text)
    SPI3_IRQHandler                          0x080001b7   Thumb Code     0  startup_stm32f407xx.o(.text)
    TAMP_STAMP_IRQHandler                    0x080001b7   Thumb Code     0  startup_stm32f407xx.o(.text)
    TIM1_BRK_TIM9_IRQHandler                 0x080001b7   Thumb Code     0  startup_stm32f407xx.o(.text)
    TIM1_CC_IRQHandler                       0x080001b7   Thumb Code     0  startup_stm32f407xx.o(.text)
    TIM1_TRG_COM_TIM11_IRQHandler            0x080001b7   Thumb Code     0  startup_stm32f407xx.o(.text)
    TIM1_UP_TIM10_IRQHandler                 0x080001b7   Thumb Code     0  startup_stm32f407xx.o(.text)
    TIM2_IRQHandler                          0x080001b7   Thumb Code     0  startup_stm32f407xx.o(.text)
    TIM3_IRQHandler                          0x080001b7   Thumb Code     0  startup_stm32f407xx.o(.text)
    TIM4_IRQHandler                          0x080001b7   Thumb Code     0  startup_stm32f407xx.o(.text)
    TIM5_IRQHandler                          0x080001b7   Thumb Code     0  startup_stm32f407xx.o(.text)
    TIM6_DAC_IRQHandler                      0x080001b7   Thumb Code     0  startup_stm32f407xx.o(.text)
    TIM7_IRQHandler                          0x080001b7   Thumb Code     0  startup_stm32f407xx.o(.text)
    TIM8_BRK_TIM12_IRQHandler                0x080001b7   Thumb Code     0  startup_stm32f407xx.o(.text)
    TIM8_CC_IRQHandler                       0x080001b7   Thumb Code     0  startup_stm32f407xx.o(.text)
    TIM8_TRG_COM_TIM14_IRQHandler            0x080001b7   Thumb Code     0  startup_stm32f407xx.o(.text)
    TIM8_UP_TIM13_IRQHandler                 0x080001b7   Thumb Code     0  startup_stm32f407xx.o(.text)
    UART4_IRQHandler                         0x080001b7   Thumb Code     0  startup_stm32f407xx.o(.text)
    UART5_IRQHandler                         0x080001b7   Thumb Code     0  startup_stm32f407xx.o(.text)
    USART2_IRQHandler                        0x080001b7   Thumb Code     0  startup_stm32f407xx.o(.text)
    USART3_IRQHandler                        0x080001b7   Thumb Code     0  startup_stm32f407xx.o(.text)
    USART6_IRQHandler                        0x080001b7   Thumb Code     0  startup_stm32f407xx.o(.text)
    WWDG_IRQHandler                          0x080001b7   Thumb Code     0  startup_stm32f407xx.o(.text)
    __aeabi_uldivmod                         0x080001c1   Thumb Code    98  uldiv.o(.text)
    __aeabi_memset                           0x08000223   Thumb Code    14  memseta.o(.text)
    __aeabi_memset4                          0x08000223   Thumb Code     0  memseta.o(.text)
    __aeabi_memset8                          0x08000223   Thumb Code     0  memseta.o(.text)
    __aeabi_memclr                           0x08000231   Thumb Code     4  memseta.o(.text)
    __aeabi_memclr4                          0x08000231   Thumb Code     0  memseta.o(.text)
    __aeabi_memclr8                          0x08000231   Thumb Code     0  memseta.o(.text)
    _memset$wrapper                          0x08000235   Thumb Code    18  memseta.o(.text)
    __aeabi_dmul                             0x08000247   Thumb Code   228  dmul.o(.text)
    __aeabi_ui2d                             0x0800032b   Thumb Code    26  dfltui.o(.text)
    __aeabi_d2uiz                            0x08000345   Thumb Code    50  dfixui.o(.text)
    __aeabi_f2d                              0x08000377   Thumb Code    38  f2d.o(.text)
    __aeabi_uidiv                            0x0800039d   Thumb Code     0  uidiv.o(.text)
    __aeabi_uidivmod                         0x0800039d   Thumb Code    44  uidiv.o(.text)
    __aeabi_llsl                             0x080003c9   Thumb Code    30  llshl.o(.text)
    _ll_shift_l                              0x080003c9   Thumb Code     0  llshl.o(.text)
    __aeabi_llsr                             0x080003e7   Thumb Code    32  llushr.o(.text)
    _ll_ushift_r                             0x080003e7   Thumb Code     0  llushr.o(.text)
    __I$use$fp                               0x08000407   Thumb Code     0  iusefp.o(.text)
    _double_round                            0x08000407   Thumb Code    30  depilogue.o(.text)
    _double_epilogue                         0x08000425   Thumb Code   156  depilogue.o(.text)
    __aeabi_dadd                             0x080004c1   Thumb Code   322  dadd.o(.text)
    __aeabi_dsub                             0x08000603   Thumb Code     6  dadd.o(.text)
    __aeabi_drsub                            0x08000609   Thumb Code     6  dadd.o(.text)
    __aeabi_ddiv                             0x0800060f   Thumb Code   222  ddiv.o(.text)
    __aeabi_d2ulz                            0x080006ed   Thumb Code    48  dfixul.o(.text)
    __aeabi_cdrcmple                         0x0800071d   Thumb Code    48  cdrcmple.o(.text)
    __scatterload                            0x0800074d   Thumb Code    28  init.o(.text)
    __scatterload_rt2                        0x0800074d   Thumb Code     0  init.o(.text)
    __aeabi_lasr                             0x08000771   Thumb Code    36  llsshr.o(.text)
    _ll_sshift_r                             0x08000771   Thumb Code     0  llsshr.o(.text)
    AD9959_Init                              0x08000795   Thumb Code   164  ad9959.o(i.AD9959_Init)
    AD9959_Set_Amp                           0x0800084d   Thumb Code    30  ad9959.o(i.AD9959_Set_Amp)
    AD9959_Set_Fre                           0x0800086b   Thumb Code    30  ad9959.o(i.AD9959_Set_Fre)
    AD9959_Set_Phase                         0x08000889   Thumb Code    30  ad9959.o(i.AD9959_Set_Phase)
    AD9959_WriteData                         0x080008a9   Thumb Code   126  ad9959.o(i.AD9959_WriteData)
    ADC_IRQHandler                           0x080009c1   Thumb Code    18  stm32f4xx_it.o(i.ADC_IRQHandler)
    BusFault_Handler                         0x08000b05   Thumb Code     2  stm32f4xx_it.o(i.BusFault_Handler)
    DMA2_Stream0_IRQHandler                  0x08000bdd   Thumb Code    16  stm32f4xx_it.o(i.DMA2_Stream0_IRQHandler)
    DMA2_Stream2_IRQHandler                  0x08000bf5   Thumb Code    16  stm32f4xx_it.o(i.DMA2_Stream2_IRQHandler)
    DebugMon_Handler                         0x08000cb1   Thumb Code     2  stm32f4xx_it.o(i.DebugMon_Handler)
    EXTI2_IRQHandler                         0x08000cb3   Thumb Code     6  stm32f4xx_it.o(i.EXTI2_IRQHandler)
    EXTI4_IRQHandler                         0x08000cb9   Thumb Code     6  stm32f4xx_it.o(i.EXTI4_IRQHandler)
    Error_Handler                            0x08000cbf   Thumb Code     4  main.o(i.Error_Handler)
    HAL_ADCEx_InjectedConvCpltCallback       0x08000cc3   Thumb Code     2  stm32f4xx_hal_adc_ex.o(i.HAL_ADCEx_InjectedConvCpltCallback)
    HAL_ADC_ConfigChannel                    0x08000cc5   Thumb Code   316  stm32f4xx_hal_adc.o(i.HAL_ADC_ConfigChannel)
    HAL_ADC_ConvCpltCallback                 0x08000e11   Thumb Code     2  stm32f4xx_hal_adc.o(i.HAL_ADC_ConvCpltCallback)
    HAL_ADC_ConvHalfCpltCallback             0x08000e13   Thumb Code     2  stm32f4xx_hal_adc.o(i.HAL_ADC_ConvHalfCpltCallback)
    HAL_ADC_ErrorCallback                    0x08000e15   Thumb Code     2  stm32f4xx_hal_adc.o(i.HAL_ADC_ErrorCallback)
    HAL_ADC_IRQHandler                       0x08000e17   Thumb Code   302  stm32f4xx_hal_adc.o(i.HAL_ADC_IRQHandler)
    HAL_ADC_Init                             0x08000f45   Thumb Code    84  stm32f4xx_hal_adc.o(i.HAL_ADC_Init)
    HAL_ADC_LevelOutOfWindowCallback         0x08000f99   Thumb Code     2  stm32f4xx_hal_adc.o(i.HAL_ADC_LevelOutOfWindowCallback)
    HAL_ADC_MspInit                          0x08000f9d   Thumb Code   250  adc.o(i.HAL_ADC_MspInit)
    HAL_ADC_Start_DMA                        0x080010b1   Thumb Code   302  stm32f4xx_hal_adc.o(i.HAL_ADC_Start_DMA)
    HAL_DMA_Abort                            0x08001205   Thumb Code   146  stm32f4xx_hal_dma.o(i.HAL_DMA_Abort)
    HAL_DMA_Abort_IT                         0x08001297   Thumb Code    36  stm32f4xx_hal_dma.o(i.HAL_DMA_Abort_IT)
    HAL_DMA_IRQHandler                       0x080012bd   Thumb Code   412  stm32f4xx_hal_dma.o(i.HAL_DMA_IRQHandler)
    HAL_DMA_Init                             0x0800145d   Thumb Code   206  stm32f4xx_hal_dma.o(i.HAL_DMA_Init)
    HAL_DMA_Start_IT                         0x08001531   Thumb Code   110  stm32f4xx_hal_dma.o(i.HAL_DMA_Start_IT)
    HAL_Delay                                0x080015a1   Thumb Code    32  stm32f4xx_hal.o(i.HAL_Delay)
    HAL_GPIO_EXTI_Callback                   0x080015c5   Thumb Code    66  main.o(i.HAL_GPIO_EXTI_Callback)
    HAL_GPIO_EXTI_IRQHandler                 0x08001611   Thumb Code    18  stm32f4xx_hal_gpio.o(i.HAL_GPIO_EXTI_IRQHandler)
    HAL_GPIO_Init                            0x08001629   Thumb Code   450  stm32f4xx_hal_gpio.o(i.HAL_GPIO_Init)
    HAL_GPIO_ReadPin                         0x08001819   Thumb Code    10  stm32f4xx_hal_gpio.o(i.HAL_GPIO_ReadPin)
    HAL_GPIO_WritePin                        0x08001823   Thumb Code    10  stm32f4xx_hal_gpio.o(i.HAL_GPIO_WritePin)
    HAL_GetTick                              0x0800182d   Thumb Code     6  stm32f4xx_hal.o(i.HAL_GetTick)
    HAL_IncTick                              0x08001839   Thumb Code    12  stm32f4xx_hal.o(i.HAL_IncTick)
    HAL_Init                                 0x08001849   Thumb Code    48  stm32f4xx_hal.o(i.HAL_Init)
    HAL_InitTick                             0x0800187d   Thumb Code    54  stm32f4xx_hal.o(i.HAL_InitTick)
    HAL_MspInit                              0x080018bd   Thumb Code    42  stm32f4xx_hal_msp.o(i.HAL_MspInit)
    HAL_NVIC_EnableIRQ                       0x080018ed   Thumb Code    26  stm32f4xx_hal_cortex.o(i.HAL_NVIC_EnableIRQ)
    HAL_NVIC_SetPriority                     0x08001909   Thumb Code    60  stm32f4xx_hal_cortex.o(i.HAL_NVIC_SetPriority)
    HAL_NVIC_SetPriorityGrouping             0x08001949   Thumb Code    26  stm32f4xx_hal_cortex.o(i.HAL_NVIC_SetPriorityGrouping)
    HAL_RCC_ClockConfig                      0x0800196d   Thumb Code   288  stm32f4xx_hal_rcc.o(i.HAL_RCC_ClockConfig)
    HAL_RCC_GetPCLK1Freq                     0x08001aa1   Thumb Code    20  stm32f4xx_hal_rcc.o(i.HAL_RCC_GetPCLK1Freq)
    HAL_RCC_GetPCLK2Freq                     0x08001ac1   Thumb Code    20  stm32f4xx_hal_rcc.o(i.HAL_RCC_GetPCLK2Freq)
    HAL_RCC_GetSysClockFreq                  0x08001ae1   Thumb Code    88  stm32f4xx_hal_rcc.o(i.HAL_RCC_GetSysClockFreq)
    HAL_RCC_OscConfig                        0x08001b45   Thumb Code   856  stm32f4xx_hal_rcc.o(i.HAL_RCC_OscConfig)
    HAL_SYSTICK_CLKSourceConfig              0x08001eb1   Thumb Code    24  stm32f4xx_hal_cortex.o(i.HAL_SYSTICK_CLKSourceConfig)
    HAL_SYSTICK_Config                       0x08001ec9   Thumb Code    40  stm32f4xx_hal_cortex.o(i.HAL_SYSTICK_Config)
    HAL_TIMEx_MasterConfigSynchronization    0x08001ef1   Thumb Code   116  stm32f4xx_hal_tim_ex.o(i.HAL_TIMEx_MasterConfigSynchronization)
    HAL_TIM_Base_Init                        0x08001f81   Thumb Code    90  stm32f4xx_hal_tim.o(i.HAL_TIM_Base_Init)
    HAL_TIM_Base_MspInit                     0x08001fdd   Thumb Code    30  tim.o(i.HAL_TIM_Base_MspInit)
    HAL_TIM_Base_Start                       0x08002005   Thumb Code    90  stm32f4xx_hal_tim.o(i.HAL_TIM_Base_Start)
    HAL_TIM_ConfigClockSource                0x0800207d   Thumb Code   220  stm32f4xx_hal_tim.o(i.HAL_TIM_ConfigClockSource)
    HAL_UARTEx_RxEventCallback               0x08002159   Thumb Code     2  stm32f4xx_hal_uart.o(i.HAL_UARTEx_RxEventCallback)
    HAL_UART_ErrorCallback                   0x0800215b   Thumb Code     2  stm32f4xx_hal_uart.o(i.HAL_UART_ErrorCallback)
    HAL_UART_IRQHandler                      0x0800215d   Thumb Code   618  stm32f4xx_hal_uart.o(i.HAL_UART_IRQHandler)
    HAL_UART_Init                            0x080023cd   Thumb Code   100  stm32f4xx_hal_uart.o(i.HAL_UART_Init)
    HAL_UART_MspInit                         0x08002431   Thumb Code   170  usart.o(i.HAL_UART_MspInit)
    HAL_UART_Receive_IT                      0x080024ed   Thumb Code    28  stm32f4xx_hal_uart.o(i.HAL_UART_Receive_IT)
    HAL_UART_RxCpltCallback                  0x08002509   Thumb Code    34  tjc_usart_hmi.o(i.HAL_UART_RxCpltCallback)
    HAL_UART_Transmit                        0x08002539   Thumb Code   160  stm32f4xx_hal_uart.o(i.HAL_UART_Transmit)
    HAL_UART_TxCpltCallback                  0x080025d9   Thumb Code     2  stm32f4xx_hal_uart.o(i.HAL_UART_TxCpltCallback)
    HardFault_Handler                        0x080025db   Thumb Code     2  stm32f4xx_it.o(i.HardFault_Handler)
    IO_Update                                0x080025dd   Thumb Code    34  ad9959.o(i.IO_Update)
    IntReset                                 0x08002605   Thumb Code    34  ad9959.o(i.IntReset)
    Intserve                                 0x0800262d   Thumb Code    60  ad9959.o(i.Intserve)
    MX_ADC1_Init                             0x08002675   Thumb Code    92  adc.o(i.MX_ADC1_Init)
    MX_ADC2_Init                             0x080026d9   Thumb Code    90  adc.o(i.MX_ADC2_Init)
    MX_DMA_Init                              0x0800273d   Thumb Code    56  dma.o(i.MX_DMA_Init)
    MX_GPIO_Init                             0x08002779   Thumb Code   352  gpio.o(i.MX_GPIO_Init)
    MX_TIM3_Init                             0x080028f1   Thumb Code    98  tim.o(i.MX_TIM3_Init)
    MX_USART1_UART_Init                      0x0800295d   Thumb Code    48  usart.o(i.MX_USART1_UART_Init)
    MX_USART2_UART_Init                      0x08002995   Thumb Code    48  usart.o(i.MX_USART2_UART_Init)
    MemManage_Handler                        0x080029cd   Thumb Code     2  stm32f4xx_it.o(i.MemManage_Handler)
    NMI_Handler                              0x080029cf   Thumb Code     2  stm32f4xx_it.o(i.NMI_Handler)
    PendSV_Handler                           0x080029d1   Thumb Code     2  stm32f4xx_it.o(i.PendSV_Handler)
    SVC_Handler                              0x080029d3   Thumb Code     2  stm32f4xx_it.o(i.SVC_Handler)
    SysTick_Handler                          0x080029d5   Thumb Code     4  stm32f4xx_it.o(i.SysTick_Handler)
    SystemClock_Config                       0x080029d9   Thumb Code   140  main.o(i.SystemClock_Config)
    SystemInit                               0x08002a6d   Thumb Code    12  system_stm32f4xx.o(i.SystemInit)
    TIM_Base_SetConfig                       0x08002a7d   Thumb Code   170  stm32f4xx_hal_tim.o(i.TIM_Base_SetConfig)
    TIM_ETR_SetConfig                        0x08002b55   Thumb Code    20  stm32f4xx_hal_tim.o(i.TIM_ETR_SetConfig)
    UART_Start_Receive_IT                    0x08002ded   Thumb Code    54  stm32f4xx_hal_uart.o(i.UART_Start_Receive_IT)
    USART1_IRQHandler                        0x08002e95   Thumb Code     6  stm32f4xx_it.o(i.USART1_IRQHandler)
    UsageFault_Handler                       0x08002ea1   Thumb Code     2  stm32f4xx_it.o(i.UsageFault_Handler)
    Write_ACR                                0x08002ea3   Thumb Code    32  ad9959.o(i.Write_ACR)
    Write_CFTW0                              0x08002ec5   Thumb Code    70  ad9959.o(i.Write_CFTW0)
    Write_CPOW0                              0x08002f11   Thumb Code    28  ad9959.o(i.Write_CPOW0)
    __0printf                                0x08002f2d   Thumb Code    22  printfa.o(i.__0printf)
    __1printf                                0x08002f2d   Thumb Code     0  printfa.o(i.__0printf)
    __2printf                                0x08002f2d   Thumb Code     0  printfa.o(i.__0printf)
    __c89printf                              0x08002f2d   Thumb Code     0  printfa.o(i.__0printf)
    printf                                   0x08002f2d   Thumb Code     0  printfa.o(i.__0printf)
    __scatterload_copy                       0x08002f6d   Thumb Code    14  handlers.o(i.__scatterload_copy)
    __scatterload_null                       0x08002f7b   Thumb Code     2  handlers.o(i.__scatterload_null)
    __scatterload_zeroinit                   0x08002f7d   Thumb Code    14  handlers.o(i.__scatterload_zeroinit)
    delay1                                   0x0800381f   Thumb Code     6  ad9959.o(i.delay1)
    delay_init                               0x08003825   Thumb Code    16  delay.o(i.delay_init)
    fputc                                    0x08003839   Thumb Code    20  usart.o(i.fputc)
    initRingBuffer                           0x08003851   Thumb Code    12  tjc_usart_hmi.o(i.initRingBuffer)
    main                                     0x08003861   Thumb Code   390  main.o(i.main)
    write1ByteToRingBuffer                   0x08003acd   Thumb Code    42  tjc_usart_hmi.o(i.write1ByteToRingBuffer)
    AHBPrescTable                            0x08003b04   Data          16  system_stm32f4xx.o(.constdata)
    APBPrescTable                            0x08003b14   Data           8  system_stm32f4xx.o(.constdata)
    Region$$Table$$Base                      0x08003b1c   Number         0  anon$$obj.o(Region$$Table)
    Region$$Table$$Limit                     0x08003b3c   Number         0  anon$$obj.o(Region$$Table)
    DetectConvEnd1                           0x20000000   Data           1  main.o(.data)
    DetectConvEnd2                           0x20000001   Data           1  main.o(.data)
    uwTickFreq                               0x2000000c   Data           1  stm32f4xx_hal.o(.data)
    uwTickPrio                               0x20000010   Data           4  stm32f4xx_hal.o(.data)
    uwTick                                   0x20000014   Data           4  stm32f4xx_hal.o(.data)
    SystemCoreClock                          0x20000018   Data           4  system_stm32f4xx.o(.data)
    FR2_DATA                                 0x20000020   Data           2  ad9959.o(.data)
    FR1_DATA                                 0x20000022   Data           3  ad9959.o(.data)
    CFR_DATA                                 0x20000025   Data           3  ad9959.o(.data)
    ACC_FRE_FACTOR                           0x20000028   Data           8  ad9959.o(.data)
    RxBuffer                                 0x20000030   Data           1  tjc_usart_hmi.o(.data)
    __stdout                                 0x20000034   Data           4  stdout.o(.data)
    detect_buf1                              0x20000038   Data          50  main.o(.bss)
    detect_buf2                              0x2000006a   Data          50  main.o(.bss)
    hadc1                                    0x2000009c   Data          72  adc.o(.bss)
    hadc2                                    0x200000e4   Data          72  adc.o(.bss)
    hdma_adc1                                0x2000012c   Data          96  adc.o(.bss)
    hdma_adc2                                0x2000018c   Data          96  adc.o(.bss)
    htim3                                    0x200001ec   Data          72  tim.o(.bss)
    huart1                                   0x20000234   Data          72  usart.o(.bss)
    huart2                                   0x2000027c   Data          72  usart.o(.bss)
    ringBuffer                               0x200002c4   Data         506  tjc_usart_hmi.o(.bss)
    __initial_sp                             0x200008c0   Data           0  startup_stm32f407xx.o(STACK)



==============================================================================

Memory Map of the image

  Image Entry point : 0x08000189

  Load Region LR_IROM1 (Base: 0x08000000, Size: 0x00003b74, Max: 0x00100000, ABSOLUTE)

    Execution Region ER_IROM1 (Exec base: 0x08000000, Load base: 0x08000000, Size: 0x00003b3c, Max: 0x00100000, ABSOLUTE)

    Exec Addr    Load Addr    Size         Type   Attr      Idx    E Section Name        Object

    0x08000000   0x08000000   0x00000188   Data   RO            3    RESET               startup_stm32f407xx.o
    0x08000188   0x08000188   0x00000000   Code   RO         3848  * .ARM.Collect$$$$00000000  mc_w.l(entry.o)
    0x08000188   0x08000188   0x00000004   Code   RO         4124    .ARM.Collect$$$$00000001  mc_w.l(entry2.o)
    0x0800018c   0x0800018c   0x00000004   Code   RO         4127    .ARM.Collect$$$$00000004  mc_w.l(entry5.o)
    0x08000190   0x08000190   0x00000000   Code   RO         4129    .ARM.Collect$$$$00000008  mc_w.l(entry7b.o)
    0x08000190   0x08000190   0x00000000   Code   RO         4131    .ARM.Collect$$$$0000000A  mc_w.l(entry8b.o)
    0x08000190   0x08000190   0x00000008   Code   RO         4132    .ARM.Collect$$$$0000000B  mc_w.l(entry9a.o)
    0x08000198   0x08000198   0x00000000   Code   RO         4134    .ARM.Collect$$$$0000000D  mc_w.l(entry10a.o)
    0x08000198   0x08000198   0x00000000   Code   RO         4136    .ARM.Collect$$$$0000000F  mc_w.l(entry11a.o)
    0x08000198   0x08000198   0x00000004   Code   RO         4125    .ARM.Collect$$$$00002712  mc_w.l(entry2.o)
    0x0800019c   0x0800019c   0x00000024   Code   RO            4    .text               startup_stm32f407xx.o
    0x080001c0   0x080001c0   0x00000062   Code   RO         3851    .text               mc_w.l(uldiv.o)
    0x08000222   0x08000222   0x00000024   Code   RO         3853    .text               mc_w.l(memseta.o)
    0x08000246   0x08000246   0x000000e4   Code   RO         4116    .text               mf_w.l(dmul.o)
    0x0800032a   0x0800032a   0x0000001a   Code   RO         4118    .text               mf_w.l(dfltui.o)
    0x08000344   0x08000344   0x00000032   Code   RO         4120    .text               mf_w.l(dfixui.o)
    0x08000376   0x08000376   0x00000026   Code   RO         4122    .text               mf_w.l(f2d.o)
    0x0800039c   0x0800039c   0x0000002c   Code   RO         4139    .text               mc_w.l(uidiv.o)
    0x080003c8   0x080003c8   0x0000001e   Code   RO         4141    .text               mc_w.l(llshl.o)
    0x080003e6   0x080003e6   0x00000020   Code   RO         4143    .text               mc_w.l(llushr.o)
    0x08000406   0x08000406   0x00000000   Code   RO         4145    .text               mc_w.l(iusefp.o)
    0x08000406   0x08000406   0x000000ba   Code   RO         4146    .text               mf_w.l(depilogue.o)
    0x080004c0   0x080004c0   0x0000014e   Code   RO         4148    .text               mf_w.l(dadd.o)
    0x0800060e   0x0800060e   0x000000de   Code   RO         4150    .text               mf_w.l(ddiv.o)
    0x080006ec   0x080006ec   0x00000030   Code   RO         4152    .text               mf_w.l(dfixul.o)
    0x0800071c   0x0800071c   0x00000030   Code   RO         4154    .text               mf_w.l(cdrcmple.o)
    0x0800074c   0x0800074c   0x00000024   Code   RO         4156    .text               mc_w.l(init.o)
    0x08000770   0x08000770   0x00000024   Code   RO         4158    .text               mc_w.l(llsshr.o)
    0x08000794   0x08000794   0x000000b8   Code   RO         3536    i.AD9959_Init       ad9959.o
    0x0800084c   0x0800084c   0x0000001e   Code   RO         3544    i.AD9959_Set_Amp    ad9959.o
    0x0800086a   0x0800086a   0x0000001e   Code   RO         3545    i.AD9959_Set_Fre    ad9959.o
    0x08000888   0x08000888   0x0000001e   Code   RO         3546    i.AD9959_Set_Phase  ad9959.o
    0x080008a6   0x080008a6   0x00000002   PAD
    0x080008a8   0x080008a8   0x00000088   Code   RO         3547    i.AD9959_WriteData  ad9959.o
    0x08000930   0x08000930   0x0000006e   Code   RO          563    i.ADC_DMAConvCplt   stm32f4xx_hal_adc.o
    0x0800099e   0x0800099e   0x00000016   Code   RO          564    i.ADC_DMAError      stm32f4xx_hal_adc.o
    0x080009b4   0x080009b4   0x0000000a   Code   RO          565    i.ADC_DMAHalfConvCplt  stm32f4xx_hal_adc.o
    0x080009be   0x080009be   0x00000002   PAD
    0x080009c0   0x080009c0   0x0000001c   Code   RO          427    i.ADC_IRQHandler    stm32f4xx_it.o
    0x080009dc   0x080009dc   0x00000128   Code   RO          566    i.ADC_Init          stm32f4xx_hal_adc.o
    0x08000b04   0x08000b04   0x00000002   Code   RO          428    i.BusFault_Handler  stm32f4xx_it.o
    0x08000b06   0x08000b06   0x00000002   PAD
    0x08000b08   0x08000b08   0x000000ac   Code   RO           13    i.Compute_Dual_Voltage  main.o
    0x08000bb4   0x08000bb4   0x00000028   Code   RO           14    i.DDS_Output_Channel  main.o
    0x08000bdc   0x08000bdc   0x00000018   Code   RO          429    i.DMA2_Stream0_IRQHandler  stm32f4xx_it.o
    0x08000bf4   0x08000bf4   0x00000018   Code   RO          430    i.DMA2_Stream2_IRQHandler  stm32f4xx_it.o
    0x08000c0c   0x08000c0c   0x00000028   Code   RO         1396    i.DMA_CalcBaseAndBitshift  stm32f4xx_hal_dma.o
    0x08000c34   0x08000c34   0x00000054   Code   RO         1397    i.DMA_CheckFifoParam  stm32f4xx_hal_dma.o
    0x08000c88   0x08000c88   0x00000028   Code   RO         1398    i.DMA_SetConfig     stm32f4xx_hal_dma.o
    0x08000cb0   0x08000cb0   0x00000002   Code   RO          431    i.DebugMon_Handler  stm32f4xx_it.o
    0x08000cb2   0x08000cb2   0x00000006   Code   RO          432    i.EXTI2_IRQHandler  stm32f4xx_it.o
    0x08000cb8   0x08000cb8   0x00000006   Code   RO          433    i.EXTI4_IRQHandler  stm32f4xx_it.o
    0x08000cbe   0x08000cbe   0x00000004   Code   RO           15    i.Error_Handler     main.o
    0x08000cc2   0x08000cc2   0x00000002   Code   RO          833    i.HAL_ADCEx_InjectedConvCpltCallback  stm32f4xx_hal_adc_ex.o
    0x08000cc4   0x08000cc4   0x0000014c   Code   RO          568    i.HAL_ADC_ConfigChannel  stm32f4xx_hal_adc.o
    0x08000e10   0x08000e10   0x00000002   Code   RO          569    i.HAL_ADC_ConvCpltCallback  stm32f4xx_hal_adc.o
    0x08000e12   0x08000e12   0x00000002   Code   RO          570    i.HAL_ADC_ConvHalfCpltCallback  stm32f4xx_hal_adc.o
    0x08000e14   0x08000e14   0x00000002   Code   RO          572    i.HAL_ADC_ErrorCallback  stm32f4xx_hal_adc.o
    0x08000e16   0x08000e16   0x0000012e   Code   RO          576    i.HAL_ADC_IRQHandler  stm32f4xx_hal_adc.o
    0x08000f44   0x08000f44   0x00000054   Code   RO          577    i.HAL_ADC_Init      stm32f4xx_hal_adc.o
    0x08000f98   0x08000f98   0x00000002   Code   RO          578    i.HAL_ADC_LevelOutOfWindowCallback  stm32f4xx_hal_adc.o
    0x08000f9a   0x08000f9a   0x00000002   PAD
    0x08000f9c   0x08000f9c   0x00000114   Code   RO          254    i.HAL_ADC_MspInit   adc.o
    0x080010b0   0x080010b0   0x00000154   Code   RO          584    i.HAL_ADC_Start_DMA  stm32f4xx_hal_adc.o
    0x08001204   0x08001204   0x00000092   Code   RO         1399    i.HAL_DMA_Abort     stm32f4xx_hal_dma.o
    0x08001296   0x08001296   0x00000024   Code   RO         1400    i.HAL_DMA_Abort_IT  stm32f4xx_hal_dma.o
    0x080012ba   0x080012ba   0x00000002   PAD
    0x080012bc   0x080012bc   0x000001a0   Code   RO         1404    i.HAL_DMA_IRQHandler  stm32f4xx_hal_dma.o
    0x0800145c   0x0800145c   0x000000d4   Code   RO         1405    i.HAL_DMA_Init      stm32f4xx_hal_dma.o
    0x08001530   0x08001530   0x0000006e   Code   RO         1409    i.HAL_DMA_Start_IT  stm32f4xx_hal_dma.o
    0x0800159e   0x0800159e   0x00000002   PAD
    0x080015a0   0x080015a0   0x00000024   Code   RO         1836    i.HAL_Delay         stm32f4xx_hal.o
    0x080015c4   0x080015c4   0x0000004c   Code   RO           16    i.HAL_GPIO_EXTI_Callback  main.o
    0x08001610   0x08001610   0x00000018   Code   RO         1291    i.HAL_GPIO_EXTI_IRQHandler  stm32f4xx_hal_gpio.o
    0x08001628   0x08001628   0x000001f0   Code   RO         1292    i.HAL_GPIO_Init     stm32f4xx_hal_gpio.o
    0x08001818   0x08001818   0x0000000a   Code   RO         1294    i.HAL_GPIO_ReadPin  stm32f4xx_hal_gpio.o
    0x08001822   0x08001822   0x0000000a   Code   RO         1296    i.HAL_GPIO_WritePin  stm32f4xx_hal_gpio.o
    0x0800182c   0x0800182c   0x0000000c   Code   RO         1842    i.HAL_GetTick       stm32f4xx_hal.o
    0x08001838   0x08001838   0x00000010   Code   RO         1848    i.HAL_IncTick       stm32f4xx_hal.o
    0x08001848   0x08001848   0x00000034   Code   RO         1849    i.HAL_Init          stm32f4xx_hal.o
    0x0800187c   0x0800187c   0x00000040   Code   RO         1850    i.HAL_InitTick      stm32f4xx_hal.o
    0x080018bc   0x080018bc   0x00000030   Code   RO          539    i.HAL_MspInit       stm32f4xx_hal_msp.o
    0x080018ec   0x080018ec   0x0000001a   Code   RO         1684    i.HAL_NVIC_EnableIRQ  stm32f4xx_hal_cortex.o
    0x08001906   0x08001906   0x00000002   PAD
    0x08001908   0x08001908   0x00000040   Code   RO         1690    i.HAL_NVIC_SetPriority  stm32f4xx_hal_cortex.o
    0x08001948   0x08001948   0x00000024   Code   RO         1691    i.HAL_NVIC_SetPriorityGrouping  stm32f4xx_hal_cortex.o
    0x0800196c   0x0800196c   0x00000134   Code   RO          938    i.HAL_RCC_ClockConfig  stm32f4xx_hal_rcc.o
    0x08001aa0   0x08001aa0   0x00000020   Code   RO          945    i.HAL_RCC_GetPCLK1Freq  stm32f4xx_hal_rcc.o
    0x08001ac0   0x08001ac0   0x00000020   Code   RO          946    i.HAL_RCC_GetPCLK2Freq  stm32f4xx_hal_rcc.o
    0x08001ae0   0x08001ae0   0x00000064   Code   RO          947    i.HAL_RCC_GetSysClockFreq  stm32f4xx_hal_rcc.o
    0x08001b44   0x08001b44   0x0000036c   Code   RO          950    i.HAL_RCC_OscConfig  stm32f4xx_hal_rcc.o
    0x08001eb0   0x08001eb0   0x00000018   Code   RO         1693    i.HAL_SYSTICK_CLKSourceConfig  stm32f4xx_hal_cortex.o
    0x08001ec8   0x08001ec8   0x00000028   Code   RO         1695    i.HAL_SYSTICK_Config  stm32f4xx_hal_cortex.o
    0x08001ef0   0x08001ef0   0x00000090   Code   RO         2812    i.HAL_TIMEx_MasterConfigSynchronization  stm32f4xx_hal_tim_ex.o
    0x08001f80   0x08001f80   0x0000005a   Code   RO         2089    i.HAL_TIM_Base_Init  stm32f4xx_hal_tim.o
    0x08001fda   0x08001fda   0x00000002   PAD
    0x08001fdc   0x08001fdc   0x00000028   Code   RO          326    i.HAL_TIM_Base_MspInit  tim.o
    0x08002004   0x08002004   0x00000078   Code   RO         2092    i.HAL_TIM_Base_Start  stm32f4xx_hal_tim.o
    0x0800207c   0x0800207c   0x000000dc   Code   RO         2098    i.HAL_TIM_ConfigClockSource  stm32f4xx_hal_tim.o
    0x08002158   0x08002158   0x00000002   Code   RO         3072    i.HAL_UARTEx_RxEventCallback  stm32f4xx_hal_uart.o
    0x0800215a   0x0800215a   0x00000002   Code   RO         3086    i.HAL_UART_ErrorCallback  stm32f4xx_hal_uart.o
    0x0800215c   0x0800215c   0x00000270   Code   RO         3089    i.HAL_UART_IRQHandler  stm32f4xx_hal_uart.o
    0x080023cc   0x080023cc   0x00000064   Code   RO         3090    i.HAL_UART_Init     stm32f4xx_hal_uart.o
    0x08002430   0x08002430   0x000000bc   Code   RO          368    i.HAL_UART_MspInit  usart.o
    0x080024ec   0x080024ec   0x0000001c   Code   RO         3095    i.HAL_UART_Receive_IT  stm32f4xx_hal_uart.o
    0x08002508   0x08002508   0x00000030   Code   RO         3702    i.HAL_UART_RxCpltCallback  tjc_usart_hmi.o
    0x08002538   0x08002538   0x000000a0   Code   RO         3098    i.HAL_UART_Transmit  stm32f4xx_hal_uart.o
    0x080025d8   0x080025d8   0x00000002   Code   RO         3101    i.HAL_UART_TxCpltCallback  stm32f4xx_hal_uart.o
    0x080025da   0x080025da   0x00000002   Code   RO          434    i.HardFault_Handler  stm32f4xx_it.o
    0x080025dc   0x080025dc   0x00000028   Code   RO         3548    i.IO_Update         ad9959.o
    0x08002604   0x08002604   0x00000028   Code   RO         3549    i.IntReset          ad9959.o
    0x0800262c   0x0800262c   0x00000048   Code   RO         3550    i.Intserve          ad9959.o
    0x08002674   0x08002674   0x00000064   Code   RO          255    i.MX_ADC1_Init      adc.o
    0x080026d8   0x080026d8   0x00000064   Code   RO          256    i.MX_ADC2_Init      adc.o
    0x0800273c   0x0800273c   0x0000003c   Code   RO          301    i.MX_DMA_Init       dma.o
    0x08002778   0x08002778   0x00000178   Code   RO          229    i.MX_GPIO_Init      gpio.o
    0x080028f0   0x080028f0   0x0000006c   Code   RO          327    i.MX_TIM3_Init      tim.o
    0x0800295c   0x0800295c   0x00000038   Code   RO          369    i.MX_USART1_UART_Init  usart.o
    0x08002994   0x08002994   0x00000038   Code   RO          370    i.MX_USART2_UART_Init  usart.o
    0x080029cc   0x080029cc   0x00000002   Code   RO          435    i.MemManage_Handler  stm32f4xx_it.o
    0x080029ce   0x080029ce   0x00000002   Code   RO          436    i.NMI_Handler       stm32f4xx_it.o
    0x080029d0   0x080029d0   0x00000002   Code   RO          437    i.PendSV_Handler    stm32f4xx_it.o
    0x080029d2   0x080029d2   0x00000002   Code   RO          438    i.SVC_Handler       stm32f4xx_it.o
    0x080029d4   0x080029d4   0x00000004   Code   RO          439    i.SysTick_Handler   stm32f4xx_it.o
    0x080029d8   0x080029d8   0x00000094   Code   RO           17    i.SystemClock_Config  main.o
    0x08002a6c   0x08002a6c   0x00000010   Code   RO         3424    i.SystemInit        system_stm32f4xx.o
    0x08002a7c   0x08002a7c   0x000000d8   Code   RO         2182    i.TIM_Base_SetConfig  stm32f4xx_hal_tim.o
    0x08002b54   0x08002b54   0x00000014   Code   RO         2193    i.TIM_ETR_SetConfig  stm32f4xx_hal_tim.o
    0x08002b68   0x08002b68   0x00000010   Code   RO         2194    i.TIM_ITRx_SetConfig  stm32f4xx_hal_tim.o
    0x08002b78   0x08002b78   0x00000022   Code   RO         2200    i.TIM_TI1_ConfigInputStage  stm32f4xx_hal_tim.o
    0x08002b9a   0x08002b9a   0x00000024   Code   RO         2202    i.TIM_TI2_ConfigInputStage  stm32f4xx_hal_tim.o
    0x08002bbe   0x08002bbe   0x00000010   Code   RO         3103    i.UART_DMAAbortOnError  stm32f4xx_hal_uart.o
    0x08002bce   0x08002bce   0x0000004e   Code   RO         3113    i.UART_EndRxTransfer  stm32f4xx_hal_uart.o
    0x08002c1c   0x08002c1c   0x000000c2   Code   RO         3115    i.UART_Receive_IT   stm32f4xx_hal_uart.o
    0x08002cde   0x08002cde   0x00000002   PAD
    0x08002ce0   0x08002ce0   0x0000010c   Code   RO         3116    i.UART_SetConfig    stm32f4xx_hal_uart.o
    0x08002dec   0x08002dec   0x00000036   Code   RO         3118    i.UART_Start_Receive_IT  stm32f4xx_hal_uart.o
    0x08002e22   0x08002e22   0x00000072   Code   RO         3119    i.UART_WaitOnFlagUntilTimeout  stm32f4xx_hal_uart.o
    0x08002e94   0x08002e94   0x0000000c   Code   RO          440    i.USART1_IRQHandler  stm32f4xx_it.o
    0x08002ea0   0x08002ea0   0x00000002   Code   RO          441    i.UsageFault_Handler  stm32f4xx_it.o
    0x08002ea2   0x08002ea2   0x00000020   Code   RO         3551    i.Write_ACR         ad9959.o
    0x08002ec2   0x08002ec2   0x00000002   PAD
    0x08002ec4   0x08002ec4   0x0000004c   Code   RO         3552    i.Write_CFTW0       ad9959.o
    0x08002f10   0x08002f10   0x0000001c   Code   RO         3553    i.Write_CPOW0       ad9959.o
    0x08002f2c   0x08002f2c   0x00000020   Code   RO         4088    i.__0printf         mc_w.l(printfa.o)
    0x08002f4c   0x08002f4c   0x00000020   Code   RO         1697    i.__NVIC_SetPriority  stm32f4xx_hal_cortex.o
    0x08002f6c   0x08002f6c   0x0000000e   Code   RO         4162    i.__scatterload_copy  mc_w.l(handlers.o)
    0x08002f7a   0x08002f7a   0x00000002   Code   RO         4163    i.__scatterload_null  mc_w.l(handlers.o)
    0x08002f7c   0x08002f7c   0x0000000e   Code   RO         4164    i.__scatterload_zeroinit  mc_w.l(handlers.o)
    0x08002f8a   0x08002f8a   0x00000002   PAD
    0x08002f8c   0x08002f8c   0x00000164   Code   RO         4095    i._fp_digits        mc_w.l(printfa.o)
    0x080030f0   0x080030f0   0x000006dc   Code   RO         4096    i._printf_core      mc_w.l(printfa.o)
    0x080037cc   0x080037cc   0x00000024   Code   RO         4097    i._printf_post_padding  mc_w.l(printfa.o)
    0x080037f0   0x080037f0   0x0000002e   Code   RO         4098    i._printf_pre_padding  mc_w.l(printfa.o)
    0x0800381e   0x0800381e   0x00000006   Code   RO         3560    i.delay1            ad9959.o
    0x08003824   0x08003824   0x00000014   Code   RO         3461    i.delay_init        delay.o
    0x08003838   0x08003838   0x00000018   Code   RO          372    i.fputc             usart.o
    0x08003850   0x08003850   0x00000010   Code   RO         3705    i.initRingBuffer    tjc_usart_hmi.o
    0x08003860   0x08003860   0x0000026c   Code   RO           18    i.main              main.o
    0x08003acc   0x08003acc   0x00000030   Code   RO         3715    i.write1ByteToRingBuffer  tjc_usart_hmi.o
    0x08003afc   0x08003afc   0x00000008   Data   RO         1411    .constdata          stm32f4xx_hal_dma.o
    0x08003b04   0x08003b04   0x00000010   Data   RO         3425    .constdata          system_stm32f4xx.o
    0x08003b14   0x08003b14   0x00000008   Data   RO         3426    .constdata          system_stm32f4xx.o
    0x08003b1c   0x08003b1c   0x00000020   Data   RO         4160    Region$$Table       anon$$obj.o


    Execution Region RW_IRAM1 (Exec base: 0x20000000, Load base: 0x08003b3c, Size: 0x000008c0, Max: 0x0001c000, ABSOLUTE)

    Exec Addr    Load Addr    Size         Type   Attr      Idx    E Section Name        Object

    0x20000000   0x08003b3c   0x0000000c   Data   RW           20    .data               main.o
    0x2000000c   0x08003b48   0x0000000c   Data   RW         1856    .data               stm32f4xx_hal.o
    0x20000018   0x08003b54   0x00000004   Data   RW         3427    .data               system_stm32f4xx.o
    0x2000001c   0x08003b58   0x00000004   Data   RW         3464    .data               delay.o
    0x20000020   0x08003b5c   0x00000010   Data   RW         3561    .data               ad9959.o
    0x20000030   0x08003b6c   0x00000001   Data   RW         3717    .data               tjc_usart_hmi.o
    0x20000031   0x08003b6d   0x00000003   PAD
    0x20000034   0x08003b70   0x00000004   Data   RW         4138    .data               mc_w.l(stdout.o)
    0x20000038        -       0x00000064   Zero   RW           19    .bss                main.o
    0x2000009c        -       0x00000150   Zero   RW          257    .bss                adc.o
    0x200001ec        -       0x00000048   Zero   RW          328    .bss                tim.o
    0x20000234        -       0x00000090   Zero   RW          373    .bss                usart.o
    0x200002c4        -       0x000001fa   Zero   RW         3716    .bss                tjc_usart_hmi.o
    0x200004be   0x08003b74   0x00000002   PAD
    0x200004c0        -       0x00000400   Zero   RW            1    STACK               startup_stm32f407xx.o


    Execution Region RW_IRAM2 (Exec base: 0x2001c000, Load base: 0x08003b74, Size: 0x00000000, Max: 0x00004000, ABSOLUTE)

    **** No section assigned to this execution region ****


==============================================================================

Image component sizes


      Code (inc. data)   RO Data    RW Data    ZI Data      Debug   Object Name

       704         60          0         16          0       8626   ad9959.o
       476         44          0          0        336       2678   adc.o
        20          4          0          4          0       3205   delay.o
        60          4          0          0          0        814   dma.o
       376         24          0          0          0       1183   gpio.o
      1060        272          0         12        100     710893   main.o
        36          8        392          0       1024        852   startup_stm32f407xx.o
       180         28          0         12          0       9497   stm32f4xx_hal.o
      1504         66          0          0          0     715937   stm32f4xx_hal_adc.o
         2          0          0          0          0       1005   stm32f4xx_hal_adc_ex.o
       222         14          0          0          0      34521   stm32f4xx_hal_cortex.o
      1084         16          8          0          0       7446   stm32f4xx_hal_dma.o
       540         52          0          0          0       3538   stm32f4xx_hal_gpio.o
        48          6          0          0          0        890   stm32f4xx_hal_msp.o
      1348         76          0          0          0       5308   stm32f4xx_hal_rcc.o
       752         76          0          0          0       7128   stm32f4xx_hal_tim.o
       144         28          0          0          0       1396   stm32f4xx_hal_tim_ex.o
      1642         16          0          0          0      11600   stm32f4xx_hal_uart.o
       120         32          0          0          0       7313   stm32f4xx_it.o
        16          4         24          4          0       1163   system_stm32f4xx.o
       148         20          0          0         72       1726   tim.o
       112         24          0          1        506       2742   tjc_usart_hmi.o
       324         38          0          0        144       3103   usart.o

    ----------------------------------------------------------------------
     10938        912        456         52       2184    1542564   Object Totals
         0          0         32          0          0          0   (incl. Generated)
        20          0          0          3          2          0   (incl. Padding)

    ----------------------------------------------------------------------

      Code (inc. data)   RO Data    RW Data    ZI Data      Debug   Library Member Name

         0          0          0          0          0          0   entry.o
         0          0          0          0          0          0   entry10a.o
         0          0          0          0          0          0   entry11a.o
         8          4          0          0          0          0   entry2.o
         4          0          0          0          0          0   entry5.o
         0          0          0          0          0          0   entry7b.o
         0          0          0          0          0          0   entry8b.o
         8          4          0          0          0          0   entry9a.o
        30          0          0          0          0          0   handlers.o
        36          8          0          0          0         68   init.o
         0          0          0          0          0          0   iusefp.o
        30          0          0          0          0         68   llshl.o
        36          0          0          0          0         68   llsshr.o
        32          0          0          0          0         68   llushr.o
        36          0          0          0          0        108   memseta.o
      2226         90          0          0          0        444   printfa.o
         0          0          0          4          0          0   stdout.o
        44          0          0          0          0         80   uidiv.o
        98          0          0          0          0         92   uldiv.o
        48          0          0          0          0         68   cdrcmple.o
       334          0          0          0          0        148   dadd.o
       222          0          0          0          0        100   ddiv.o
       186          0          0          0          0        176   depilogue.o
        50          0          0          0          0         76   dfixui.o
        48          0          0          0          0         68   dfixul.o
        26          0          0          0          0         76   dfltui.o
       228          0          0          0          0         96   dmul.o
        38          0          0          0          0         68   f2d.o

    ----------------------------------------------------------------------
      3770        106          0          4          0       1872   Library Totals
         2          0          0          0          0          0   (incl. Padding)

    ----------------------------------------------------------------------

      Code (inc. data)   RO Data    RW Data    ZI Data      Debug   Library Name

      2588        106          0          4          0        996   mc_w.l
      1180          0          0          0          0        876   mf_w.l

    ----------------------------------------------------------------------
      3770        106          0          4          0       1872   Library Totals

    ----------------------------------------------------------------------

==============================================================================


      Code (inc. data)   RO Data    RW Data    ZI Data      Debug   

     14708       1018        456         56       2184    1533104   Grand Totals
     14708       1018        456         56       2184    1533104   ELF Image Totals
     14708       1018        456         56          0          0   ROM Totals

==============================================================================

    Total RO  Size (Code + RO Data)                15164 (  14.81kB)
    Total RW  Size (RW Data + ZI Data)              2240 (   2.19kB)
    Total ROM Size (Code + RO Data + RW Data)      15220 (  14.86kB)

==============================================================================

